[2025-09-05 13:27:27] Settings Updated: Logging settings have been updated.
[2025-09-05 13:27:28] updateBaseDirectory called
[2025-09-05 13:27:28] updateDirectory called
[2025-09-05 13:27:28] updateDirectory called
[2025-09-05 13:27:28] Running CLUE: Starting the CLUE run...
[2025-09-05 13:27:28] run called
[2025-09-05 13:27:28] Building base features file...
[2025-09-05 13:27:28] extractFromDataFrame called
[2025-09-05 13:27:30] __headers called
[2025-09-05 13:27:30] baseFeatures file written to /home/flaskposto/Documents/Projects/CLUE/CLUE-Core/Demo/Demo_Run_1/baseFeatures.csv
[2025-09-05 13:27:30] Filtering input data for round: KMeans_1...
[2025-09-05 13:27:30] filter called
[2025-09-05 13:27:30] No features file provided, accepting all features...
[2025-09-05 13:27:30] runRound called
[2025-09-05 13:27:30] Running round: KMeans_1...
[2025-09-05 13:27:30] Using CLUECLUST jar file: /home/flaskposto/Documents/Projects/CLUE/CLUE-Core/CLUE-CORE/src/external/CLUECLUST.jar
[2025-09-05 13:27:30] Target round directory: /home/flaskposto/Documents/Projects/CLUE/CLUE-Core/Demo/Demo_Run_1/KMeans_1/
[2025-09-05 13:27:30] Input File: /home/flaskposto/Documents/Projects/CLUE/CLUE-Core/Demo/Demo_Run_1/KMeans_1/input.csv
[2025-09-05 13:27:30] Clusters File: /home/flaskposto/Documents/Projects/CLUE/CLUE-Core/Demo/Demo_Run_1/KMeans_1/clusters.csv
[2025-09-05 13:27:30] Metadata File: /home/flaskposto/Documents/Projects/CLUE/CLUE-Core/Demo/Demo_Run_1/KMeans_1/metadata.csv
[2025-09-05 13:27:30] Feature Selection File: 
[2025-09-05 13:27:30] Cluster Selection File: 
[2025-09-05 13:27:30] buildCall called
[2025-09-05 13:27:30] getConfigCallOpts called
[2025-09-05 13:27:30] refreshCallOpts called
[2025-09-05 13:27:31] Reading input dataset in CSV format...
[2025-09-05 13:27:31] Reading data took: 0.174266593 seconds
[2025-09-05 13:27:31] Performing K-Means clustering with k=5, maxIterations=100
[2025-09-05 13:27:31] Dataset dimensions: 24
[2025-09-05 13:27:31] Dataset size: 4999 points
[2025-09-05 13:27:31] Initialized 5 centroids using k-means++
[2025-09-05 13:27:31] Starting K-Means iterations...
[2025-09-05 13:27:31] Iteration 0: 4999 points changed clusters (100.00%)
[2025-09-05 13:27:31] Iteration 1: 1143 points changed clusters (22.86%)
[2025-09-05 13:27:31] Iteration 2: 474 points changed clusters (9.48%)
[2025-09-05 13:27:31] Iteration 3: 300 points changed clusters (6.00%)
[2025-09-05 13:27:31] Iteration 4: 256 points changed clusters (5.12%)
[2025-09-05 13:27:31] Iteration 5: 215 points changed clusters (4.30%)
[2025-09-05 13:27:31] Iteration 6: 178 points changed clusters (3.56%)
[2025-09-05 13:27:31] Iteration 7: 138 points changed clusters (2.76%)
[2025-09-05 13:27:31] Iteration 8: 117 points changed clusters (2.34%)
[2025-09-05 13:27:31] Iteration 9: 110 points changed clusters (2.20%)
[2025-09-05 13:27:31] Iteration 10: 110 points changed clusters (2.20%)
[2025-09-05 13:27:31] Iteration 11: 94 points changed clusters (1.88%)
[2025-09-05 13:27:31] Iteration 12: 103 points changed clusters (2.06%)
[2025-09-05 13:27:31] Iteration 13: 120 points changed clusters (2.40%)
[2025-09-05 13:27:31] Iteration 14: 125 points changed clusters (2.50%)
[2025-09-05 13:27:31] Iteration 15: 134 points changed clusters (2.68%)
[2025-09-05 13:27:31] Iteration 16: 133 points changed clusters (2.66%)
[2025-09-05 13:27:31] Iteration 17: 118 points changed clusters (2.36%)
[2025-09-05 13:27:31] Iteration 18: 144 points changed clusters (2.88%)
[2025-09-05 13:27:31] Iteration 19: 171 points changed clusters (3.42%)
[2025-09-05 13:27:31] Iteration 20: 162 points changed clusters (3.24%)
[2025-09-05 13:27:31] Iteration 21: 139 points changed clusters (2.78%)
[2025-09-05 13:27:31] Iteration 22: 120 points changed clusters (2.40%)
[2025-09-05 13:27:31] Iteration 23: 89 points changed clusters (1.78%)
[2025-09-05 13:27:31] Iteration 24: 70 points changed clusters (1.40%)
[2025-09-05 13:27:31] Iteration 25: 46 points changed clusters (0.92%)
[2025-09-05 13:27:31] Iteration 26: 33 points changed clusters (0.66%)
[2025-09-05 13:27:31] Iteration 27: 25 points changed clusters (0.50%)
[2025-09-05 13:27:31] Iteration 28: 23 points changed clusters (0.46%)
[2025-09-05 13:27:31] Iteration 29: 18 points changed clusters (0.36%)
[2025-09-05 13:27:31] Iteration 30: 24 points changed clusters (0.48%)
[2025-09-05 13:27:31] Iteration 31: 13 points changed clusters (0.26%)
[2025-09-05 13:27:31] Iteration 32: 11 points changed clusters (0.22%)
[2025-09-05 13:27:31] Iteration 33: 9 points changed clusters (0.18%)
[2025-09-05 13:27:31] Iteration 34: 9 points changed clusters (0.18%)
[2025-09-05 13:27:31] Iteration 35: 9 points changed clusters (0.18%)
[2025-09-05 13:27:31] Iteration 36: 5 points changed clusters (0.10%)
[2025-09-05 13:27:31] Iteration 37: 3 points changed clusters (0.06%)
[2025-09-05 13:27:31] K-Means converged after 37 iterations
[2025-09-05 13:27:31] Clustering took: 0.230107868 seconds
[2025-09-05 13:27:31] Saving clustering labels...
[2025-09-05 13:27:31] Exporting cluster metadata to /home/flaskposto/Documents/Projects/CLUE/CLUE-Core/Demo/Demo_Run_1/KMeans_1/metadata.csv
[2025-09-05 13:27:31] Number of dimensions: 24
[2025-09-05 13:27:31] Number of dimensions: 24
[2025-09-05 13:27:31] Number of dimensions: 24
[2025-09-05 13:27:31] Number of dimensions: 24
[2025-09-05 13:27:31] Number of dimensions: 24
[2025-09-05 13:27:31] DEBUG: Starting exportClusterMetadata
[2025-09-05 13:27:31] DEBUG: Total points: 4999
[2025-09-05 13:27:31] DEBUG: minPts value: 500
[2025-09-05 13:27:31] DEBUG: Total clusters found: 5
[2025-09-05 13:27:31] DEBUG: Cluster 0 has 976 points
[2025-09-05 13:27:31] DEBUG: Cluster 1 has 990 points
[2025-09-05 13:27:31] DEBUG: Cluster 2 has 975 points
[2025-09-05 13:27:31] DEBUG: Cluster 3 has 1009 points
[2025-09-05 13:27:31] DEBUG: Cluster 4 has 1049 points
[2025-09-05 13:27:31] Filtering input data for round: DBSCAN_1...
[2025-09-05 13:27:31] filter called
[2025-09-05 13:27:31] No features file provided, accepting all features...
[2025-09-05 13:27:31] filterSelection called
[2025-09-05 13:27:31] runRound called
[2025-09-05 13:27:31] Running round: DBSCAN_1...
[2025-09-05 13:27:31] Using CLUECLUST jar file: /home/flaskposto/Documents/Projects/CLUE/CLUE-Core/CLUE-CORE/src/external/CLUECLUST.jar
[2025-09-05 13:27:31] Target round directory: /home/flaskposto/Documents/Projects/CLUE/CLUE-Core/Demo/Demo_Run_1/DBSCAN_1/
[2025-09-05 13:27:31] Input File: /home/flaskposto/Documents/Projects/CLUE/CLUE-Core/Demo/Demo_Run_1/DBSCAN_1/input.csv
[2025-09-05 13:27:31] Clusters File: /home/flaskposto/Documents/Projects/CLUE/CLUE-Core/Demo/Demo_Run_1/DBSCAN_1/clusters.csv
[2025-09-05 13:27:31] Metadata File: /home/flaskposto/Documents/Projects/CLUE/CLUE-Core/Demo/Demo_Run_1/DBSCAN_1/metadata.csv
[2025-09-05 13:27:31] Feature Selection File: 
[2025-09-05 13:27:31] Cluster Selection File: /home/flaskposto/Documents/Projects/CLUE/CLUE-Core/Demo/demo_1_selection.csv
[2025-09-05 13:27:31] buildCall called
[2025-09-05 13:27:31] getConfigCallOpts called
[2025-09-05 13:27:31] refreshCallOpts called
[2025-09-05 13:27:31] Reading input dataset in CSV format...
[2025-09-05 13:27:31] Reading data took: 0.084514655 seconds
[2025-09-05 13:27:31] Normalizing Data ...
[2025-09-05 13:27:31] Performing vanilla DBSCAN clustering...
[2025-09-05 13:27:31] Performing Vanilla DBSCAN
[2025-09-05 13:27:31] Clustering took: 0.283105352 seconds
[2025-09-05 13:27:31] Saving clustering labels...
[2025-09-05 13:27:31] Exporting cluster metadata to /home/flaskposto/Documents/Projects/CLUE/CLUE-Core/Demo/Demo_Run_1/DBSCAN_1/metadata.csv
[2025-09-05 13:27:31] Number of dimensions: 24
[2025-09-05 13:27:31] DEBUG: Starting exportClusterMetadata
[2025-09-05 13:27:31] DEBUG: Total points: 2024
[2025-09-05 13:27:31] DEBUG: minPts value: 20
[2025-09-05 13:27:31] DEBUG: Total clusters found: 1
[2025-09-05 13:27:31] DEBUG: Cluster 1 has 846 points
[2025-09-05 13:27:31] Running Param evaluationssss
[2025-09-05 13:27:31] Preparing shared cluster metrics calculation...
[2025-09-05 13:27:31] Using 18 sample points for metrics calculation
[2025-09-05 13:27:31] ε=0.0350, minPts=20 → 1 clusters, 1178 noise (58.2%), , DBI=179769313486231570000000000000000000000000000000000000000000000000000000000000000000000000000000000000000000000000000000000000000000000000000000000000000000000000000000000000000000000000000000000000000000000000000000000000000000000000000000000000000000000000000000000000000000000000000000000000000000000000000.0000, Silhouette=-1.0000, CH=0.0000, Dunn=0.0000, DBCV=0.0000
[2025-09-05 13:27:31] Davies-Bouldin: Lower is better
[2025-09-05 13:27:31] Silhuette coefficient: Higher is better
[2025-09-05 13:27:31] Calinski-Harabasz: Higher is better
[2025-09-05 13:27:31] Dunn index: Higher is better
[2025-09-05 13:27:31] DBCV: Higher is better
[2025-09-05 13:27:31] 
[2025-09-05 13:27:31] Writing output files to directory: /home/flaskposto/Documents/Projects/CLUE/CLUE-Core/Demo/Demo_Run_1/output

[2025-09-05 13:27:31] Final round name: DBSCAN_1
[2025-09-05 13:27:31] Copying final round clusters file...
[2025-09-05 13:27:31] Copying final round metadata file...
[2025-09-05 13:27:31] generateGraphs called
[2025-09-05 13:27:31] __rawBands called
[2025-09-05 13:27:31] __featureProfiles called
[2025-09-05 13:27:32] filter called
[2025-09-05 13:27:32] No features file provided, accepting all features...
[2025-09-05 13:27:32] __headers called
[2025-09-05 13:27:32] HEADERS DONE
[2025-09-05 13:27:32] Run Complete: The CLUE run has completed successfully.
[2025-09-05 13:27:34] updateBaseDirectory called
[2025-09-05 13:27:34] updateDirectory called
[2025-09-05 13:27:34] updateDirectory called
[2025-09-05 13:27:34] Running CLUE: Starting the CLUE run...
[2025-09-05 13:27:34] run called
[2025-09-05 13:27:34] Building base features file...
[2025-09-05 13:27:34] extractFromDataFrame called
[2025-09-05 13:27:36] __headers called
[2025-09-05 13:27:36] baseFeatures file written to /home/flaskposto/Documents/Projects/CLUE/CLUE-Core/Demo/Demo_Run_1/baseFeatures.csv
[2025-09-05 13:27:36] Filtering input data for round: KMeans_1...
[2025-09-05 13:27:36] filter called
[2025-09-05 13:27:36] No features file provided, accepting all features...
[2025-09-05 13:27:36] runRound called
[2025-09-05 13:27:36] Running round: KMeans_1...
[2025-09-05 13:27:36] Using CLUECLUST jar file: /home/flaskposto/Documents/Projects/CLUE/CLUE-Core/CLUE-CORE/src/external/CLUECLUST.jar
[2025-09-05 13:27:36] Target round directory: /home/flaskposto/Documents/Projects/CLUE/CLUE-Core/Demo/Demo_Run_1/KMeans_1/
[2025-09-05 13:27:36] Input File: /home/flaskposto/Documents/Projects/CLUE/CLUE-Core/Demo/Demo_Run_1/KMeans_1/input.csv
[2025-09-05 13:27:36] Clusters File: /home/flaskposto/Documents/Projects/CLUE/CLUE-Core/Demo/Demo_Run_1/KMeans_1/clusters.csv
[2025-09-05 13:30:47] Settings Updated: Logging settings have been updated.
[2025-09-05 13:30:49] updateBaseDirectory called
[2025-09-05 13:30:49] updateDirectory called
[2025-09-05 13:30:49] updateDirectory called
[2025-09-05 13:30:49] Running CLUE: Starting the CLUE run...
[2025-09-05 13:30:49] run called
[2025-09-05 13:30:49] Building base features file...
[2025-09-05 13:30:49] extractFromDataFrame called
[2025-09-05 13:30:51] __headers called
[2025-09-05 13:30:51] baseFeatures file written to /home/flaskposto/Documents/Projects/CLUE/CLUE-Core/Demo/Demo_Run_1/baseFeatures.csv
[2025-09-05 13:30:51] Filtering input data for round: KMeans_1...
[2025-09-05 13:30:51] filter called
[2025-09-05 13:30:51] No features file provided, accepting all features...
[2025-09-05 13:30:51] runRound called
[2025-09-05 13:30:51] Running round: KMeans_1...
[2025-09-05 13:30:51] Using CLUECLUST jar file: /home/flaskposto/Documents/Projects/CLUE/CLUE-Core/CLUE-CORE/src/external/CLUECLUST.jar
[2025-09-05 13:30:51] Target round directory: /home/flaskposto/Documents/Projects/CLUE/CLUE-Core/Demo/Demo_Run_1/KMeans_1/
[2025-09-05 13:30:51] Input File: /home/flaskposto/Documents/Projects/CLUE/CLUE-Core/Demo/Demo_Run_1/KMeans_1/input.csv
[2025-09-05 13:30:51] Clusters File: /home/flaskposto/Documents/Projects/CLUE/CLUE-Core/Demo/Demo_Run_1/KMeans_1/clusters.csv
[2025-09-05 13:30:51] Metadata File: /home/flaskposto/Documents/Projects/CLUE/CLUE-Core/Demo/Demo_Run_1/KMeans_1/metadata.csv
[2025-09-05 13:30:51] Feature Selection File: 
[2025-09-05 13:30:51] Cluster Selection File: 
[2025-09-05 13:30:51] buildCall called
[2025-09-05 13:30:51] getConfigCallOpts called
[2025-09-05 13:30:51] refreshCallOpts called
[2025-09-05 13:30:52] Reading input dataset in CSV format...
[2025-09-05 13:30:52] Reading data took: 0.149932079 seconds
[2025-09-05 13:30:52] Performing K-Means clustering with k=5, maxIterations=100
[2025-09-05 13:30:52] Dataset dimensions: 24
[2025-09-05 13:30:52] Dataset size: 4999 points
[2025-09-05 13:30:52] Initialized 5 centroids using k-means++
[2025-09-05 13:30:52] Starting K-Means iterations...
[2025-09-05 13:30:52] Iteration 0: 4999 points changed clusters (100.00%)
[2025-09-05 13:30:52] Iteration 1: 1629 points changed clusters (32.59%)
[2025-09-05 13:30:52] Iteration 2: 413 points changed clusters (8.26%)
[2025-09-05 13:30:52] Iteration 3: 189 points changed clusters (3.78%)
[2025-09-05 13:30:52] Iteration 4: 146 points changed clusters (2.92%)
[2025-09-05 13:30:52] Iteration 5: 132 points changed clusters (2.64%)
[2025-09-05 13:30:52] Iteration 6: 155 points changed clusters (3.10%)
[2025-09-05 13:30:52] Iteration 7: 160 points changed clusters (3.20%)
[2025-09-05 13:30:52] Iteration 8: 168 points changed clusters (3.36%)
[2025-09-05 13:30:52] Iteration 9: 171 points changed clusters (3.42%)
[2025-09-05 13:30:52] Iteration 10: 165 points changed clusters (3.30%)
[2025-09-05 13:30:52] Iteration 11: 136 points changed clusters (2.72%)
[2025-09-05 13:30:52] Iteration 12: 103 points changed clusters (2.06%)
[2025-09-05 13:30:52] Iteration 13: 70 points changed clusters (1.40%)
[2025-09-05 13:30:52] Iteration 14: 51 points changed clusters (1.02%)
[2025-09-05 13:30:52] Iteration 15: 37 points changed clusters (0.74%)
[2025-09-05 13:30:52] Iteration 16: 35 points changed clusters (0.70%)
[2025-09-05 13:30:52] Iteration 17: 34 points changed clusters (0.68%)
[2025-09-05 13:30:52] Iteration 18: 18 points changed clusters (0.36%)
[2025-09-05 13:30:52] Iteration 19: 22 points changed clusters (0.44%)
[2025-09-05 13:30:52] Iteration 20: 14 points changed clusters (0.28%)
[2025-09-05 13:30:52] Iteration 21: 17 points changed clusters (0.34%)
[2025-09-05 13:30:52] Iteration 22: 13 points changed clusters (0.26%)
[2025-09-05 13:30:52] Iteration 23: 6 points changed clusters (0.12%)
[2025-09-05 13:30:52] Iteration 24: 5 points changed clusters (0.10%)
[2025-09-05 13:30:52] Iteration 25: 5 points changed clusters (0.10%)
[2025-09-05 13:30:52] Iteration 26: 4 points changed clusters (0.08%)
[2025-09-05 13:30:52] K-Means converged after 26 iterations
[2025-09-05 13:30:52] Clustering took: 0.187531551 seconds
[2025-09-05 13:30:52] Saving clustering labels...
[2025-09-05 13:30:52] Exporting cluster metadata to /home/flaskposto/Documents/Projects/CLUE/CLUE-Core/Demo/Demo_Run_1/KMeans_1/metadata.csv
[2025-09-05 13:30:52] Number of dimensions: 24
[2025-09-05 13:30:52] Number of dimensions: 24
[2025-09-05 13:30:52] Number of dimensions: 24
[2025-09-05 13:30:52] Number of dimensions: 24
[2025-09-05 13:30:52] Number of dimensions: 24
[2025-09-05 13:30:52] DEBUG: Starting exportClusterMetadata
[2025-09-05 13:30:52] DEBUG: Total points: 4999
[2025-09-05 13:30:52] DEBUG: minPts value: 500
[2025-09-05 13:30:52] DEBUG: Total clusters found: 5
[2025-09-05 13:30:52] DEBUG: Cluster 0 has 1003 points
[2025-09-05 13:30:52] DEBUG: Cluster 1 has 968 points
[2025-09-05 13:30:52] DEBUG: Cluster 2 has 982 points
[2025-09-05 13:30:52] DEBUG: Cluster 3 has 990 points
[2025-09-05 13:30:52] DEBUG: Cluster 4 has 1056 points
[2025-09-05 13:30:52] Filtering input data for round: DBSCAN_1...
[2025-09-05 13:30:52] filter called
[2025-09-05 13:30:52] No features file provided, accepting all features...
[2025-09-05 13:30:52] filterSelection called
[2025-09-05 13:30:52] runRound called
[2025-09-05 13:30:52] Running round: DBSCAN_1...
[2025-09-05 13:30:52] Using CLUECLUST jar file: /home/flaskposto/Documents/Projects/CLUE/CLUE-Core/CLUE-CORE/src/external/CLUECLUST.jar
[2025-09-05 13:30:52] Target round directory: /home/flaskposto/Documents/Projects/CLUE/CLUE-Core/Demo/Demo_Run_1/DBSCAN_1/
[2025-09-05 13:30:52] Input File: /home/flaskposto/Documents/Projects/CLUE/CLUE-Core/Demo/Demo_Run_1/DBSCAN_1/input.csv
[2025-09-05 13:30:52] Clusters File: /home/flaskposto/Documents/Projects/CLUE/CLUE-Core/Demo/Demo_Run_1/DBSCAN_1/clusters.csv
[2025-09-05 13:30:52] Metadata File: /home/flaskposto/Documents/Projects/CLUE/CLUE-Core/Demo/Demo_Run_1/DBSCAN_1/metadata.csv
[2025-09-05 13:30:52] Feature Selection File: 
[2025-09-05 13:30:52] Cluster Selection File: /home/flaskposto/Documents/Projects/CLUE/CLUE-Core/Demo/demo_1_selection.csv
[2025-09-05 13:30:52] buildCall called
[2025-09-05 13:30:52] getConfigCallOpts called
[2025-09-05 13:30:52] refreshCallOpts called
[2025-09-05 13:30:52] Reading input dataset in CSV format...
[2025-09-05 13:30:52] Reading data took: 0.08471012 seconds
[2025-09-05 13:30:53] Normalizing Data ...
[2025-09-05 13:30:53] Performing vanilla DBSCAN clustering...
[2025-09-05 13:30:53] Performing Vanilla DBSCAN
[2025-09-05 13:30:53] Clustering took: 0.298414967 seconds
[2025-09-05 13:30:53] Saving clustering labels...
[2025-09-05 13:30:53] Exporting cluster metadata to /home/flaskposto/Documents/Projects/CLUE/CLUE-Core/Demo/Demo_Run_1/DBSCAN_1/metadata.csv
[2025-09-05 13:30:53] Number of dimensions: 24
[2025-09-05 13:30:53] DEBUG: Starting exportClusterMetadata
[2025-09-05 13:30:53] DEBUG: Total points: 2058
[2025-09-05 13:30:53] DEBUG: minPts value: 20
[2025-09-05 13:30:53] DEBUG: Total clusters found: 1
[2025-09-05 13:30:53] DEBUG: Cluster 1 has 637 points
[2025-09-05 13:30:53] Running Param evaluationssss
[2025-09-05 13:30:53] Preparing shared cluster metrics calculation...
[2025-09-05 13:30:53] Using 18 sample points for metrics calculation
[2025-09-05 13:30:53] ε=0.0350, minPts=20 → 1 clusters, 1421 noise (69.0%), , DBI=179769313486231570000000000000000000000000000000000000000000000000000000000000000000000000000000000000000000000000000000000000000000000000000000000000000000000000000000000000000000000000000000000000000000000000000000000000000000000000000000000000000000000000000000000000000000000000000000000000000000000000000.0000, Silhouette=-1.0000, CH=0.0000, Dunn=0.0000, DBCV=0.0000
[2025-09-05 13:30:53] Davies-Bouldin: Lower is better
[2025-09-05 13:30:53] Silhuette coefficient: Higher is better
[2025-09-05 13:30:53] Calinski-Harabasz: Higher is better
[2025-09-05 13:30:53] Dunn index: Higher is better
[2025-09-05 13:30:53] DBCV: Higher is better
[2025-09-05 13:30:53] 
[2025-09-05 13:30:53] Writing output files to directory: /home/flaskposto/Documents/Projects/CLUE/CLUE-Core/Demo/Demo_Run_1/output

[2025-09-05 13:30:53] Final round name: DBSCAN_1
[2025-09-05 13:30:53] Copying final round clusters file...
[2025-09-05 13:30:53] Copying final round metadata file...
[2025-09-05 13:30:53] generateGraphs called
[2025-09-05 13:30:53] __rawBands called
[2025-09-05 13:30:53] __featureProfiles called
[2025-09-05 13:30:53] filter called
[2025-09-05 13:30:53] No features file provided, accepting all features...
[2025-09-05 13:30:53] __headers called
[2025-09-05 13:30:53] HEADERS DONE
[2025-09-05 13:30:53] Run Complete: The CLUE run has completed successfully.
[2025-09-05 13:31:00] updateBaseDirectory called
[2025-09-05 13:31:00] updateDirectory called
[2025-09-05 13:31:00] updateDirectory called
[2025-09-05 13:31:00] Running CLUE: Starting the CLUE run...
[2025-09-05 13:31:00] run called
[2025-09-05 13:31:00] Building base features file...
[2025-09-05 13:31:00] extractFromDataFrame called
[2025-09-05 13:31:02] __headers called
[2025-09-05 13:45:23] Settings Updated: Logging settings have been updated.
[2025-09-05 13:45:24] updateBaseDirectory called
[2025-09-05 13:45:24] updateDirectory called
[2025-09-05 13:45:24] updateDirectory called
[2025-09-05 13:45:24] Running CLUE: Starting the CLUE run...
[2025-09-05 13:45:24] run called
[2025-09-05 13:45:24] Building base features file...
[2025-09-05 13:45:24] extractFromDataFrame called
[2025-09-05 13:45:26] __headers called
[2025-09-05 13:45:26] HEADERS DONE IN EXTRACTFROMDATAFRAME
[2025-09-05 13:45:26] baseFeatures file written to /home/flaskposto/Documents/Projects/CLUE/CLUE-Core/Demo/Demo_Run_1/baseFeatures.csv
[2025-09-05 13:45:26] Filtering input data for round: KMeans_1...
[2025-09-05 13:45:26] filter called
[2025-09-05 13:45:26] No features file provided, accepting all features...
[2025-09-05 13:45:27] runRound called
[2025-09-05 13:45:27] Running round: KMeans_1...
[2025-09-05 13:45:27] Using CLUECLUST jar file: /home/flaskposto/Documents/Projects/CLUE/CLUE-Core/CLUE-CORE/src/external/CLUECLUST.jar
[2025-09-05 13:45:27] Target round directory: /home/flaskposto/Documents/Projects/CLUE/CLUE-Core/Demo/Demo_Run_1/KMeans_1/
[2025-09-05 13:45:27] Input File: /home/flaskposto/Documents/Projects/CLUE/CLUE-Core/Demo/Demo_Run_1/KMeans_1/input.csv
[2025-09-05 13:45:27] Clusters File: /home/flaskposto/Documents/Projects/CLUE/CLUE-Core/Demo/Demo_Run_1/KMeans_1/clusters.csv
[2025-09-05 13:45:27] Metadata File: /home/flaskposto/Documents/Projects/CLUE/CLUE-Core/Demo/Demo_Run_1/KMeans_1/metadata.csv
[2025-09-05 13:45:27] Feature Selection File: 
[2025-09-05 13:45:27] Cluster Selection File: 
[2025-09-05 13:45:27] buildCall called
[2025-09-05 13:45:27] getConfigCallOpts called
[2025-09-05 13:45:27] refreshCallOpts called
[2025-09-05 13:45:27] Reading input dataset in CSV format...
[2025-09-05 13:45:27] Reading data took: 0.152642471 seconds
[2025-09-05 13:45:27] Performing K-Means clustering with k=5, maxIterations=100
[2025-09-05 13:45:27] Dataset dimensions: 24
[2025-09-05 13:45:27] Dataset size: 4999 points
[2025-09-05 13:45:27] Initialized 5 centroids using k-means++
[2025-09-05 13:45:27] Starting K-Means iterations...
[2025-09-05 13:45:27] Iteration 0: 4999 points changed clusters (100.00%)
[2025-09-05 13:45:27] Iteration 1: 1603 points changed clusters (32.07%)
[2025-09-05 13:45:27] Iteration 2: 694 points changed clusters (13.88%)
[2025-09-05 13:45:27] Iteration 3: 376 points changed clusters (7.52%)
[2025-09-05 13:45:27] Iteration 4: 258 points changed clusters (5.16%)
[2025-09-05 13:45:27] Iteration 5: 194 points changed clusters (3.88%)
[2025-09-05 13:45:27] Iteration 6: 168 points changed clusters (3.36%)
[2025-09-05 13:45:27] Iteration 7: 127 points changed clusters (2.54%)
[2025-09-05 13:45:27] Iteration 8: 157 points changed clusters (3.14%)
[2025-09-05 13:45:27] Iteration 9: 170 points changed clusters (3.40%)
[2025-09-05 13:45:27] Iteration 10: 200 points changed clusters (4.00%)
[2025-09-05 13:45:27] Iteration 11: 211 points changed clusters (4.22%)
[2025-09-05 13:45:27] Iteration 12: 200 points changed clusters (4.00%)
[2025-09-05 13:45:27] Iteration 13: 163 points changed clusters (3.26%)
[2025-09-05 13:45:27] Iteration 14: 100 points changed clusters (2.00%)
[2025-09-05 13:45:27] Iteration 15: 67 points changed clusters (1.34%)
[2025-09-05 13:45:27] Iteration 16: 38 points changed clusters (0.76%)
[2025-09-05 13:45:27] Iteration 17: 25 points changed clusters (0.50%)
[2025-09-05 13:45:27] Iteration 18: 18 points changed clusters (0.36%)
[2025-09-05 13:45:27] Iteration 19: 18 points changed clusters (0.36%)
[2025-09-05 13:45:27] Iteration 20: 12 points changed clusters (0.24%)
[2025-09-05 13:45:27] Iteration 21: 3 points changed clusters (0.06%)
[2025-09-05 13:45:27] K-Means converged after 21 iterations
[2025-09-05 13:45:27] Clustering took: 0.197086708 seconds
[2025-09-05 13:45:27] Saving clustering labels...
[2025-09-05 13:45:27] Exporting cluster metadata to /home/flaskposto/Documents/Projects/CLUE/CLUE-Core/Demo/Demo_Run_1/KMeans_1/metadata.csv
[2025-09-05 13:45:27] Number of dimensions: 24
[2025-09-05 13:45:27] Number of dimensions: 24
[2025-09-05 13:45:27] Number of dimensions: 24
[2025-09-05 13:45:27] Number of dimensions: 24
[2025-09-05 13:45:27] Number of dimensions: 24
[2025-09-05 13:45:27] DEBUG: Starting exportClusterMetadata
[2025-09-05 13:45:27] DEBUG: Total points: 4999
[2025-09-05 13:45:27] DEBUG: minPts value: 500
[2025-09-05 13:45:27] DEBUG: Total clusters found: 5
[2025-09-05 13:45:27] DEBUG: Cluster 0 has 993 points
[2025-09-05 13:45:27] DEBUG: Cluster 1 has 987 points
[2025-09-05 13:45:27] DEBUG: Cluster 2 has 993 points
[2025-09-05 13:45:27] DEBUG: Cluster 3 has 972 points
[2025-09-05 13:45:27] DEBUG: Cluster 4 has 1054 points
[2025-09-05 13:45:27] Filtering input data for round: DBSCAN_1...
[2025-09-05 13:45:27] filter called
[2025-09-05 13:45:27] No features file provided, accepting all features...
[2025-09-05 13:45:27] filterSelection called
[2025-09-05 13:45:27] runRound called
[2025-09-05 13:45:27] Running round: DBSCAN_1...
[2025-09-05 13:45:27] Using CLUECLUST jar file: /home/flaskposto/Documents/Projects/CLUE/CLUE-Core/CLUE-CORE/src/external/CLUECLUST.jar
[2025-09-05 13:45:27] Target round directory: /home/flaskposto/Documents/Projects/CLUE/CLUE-Core/Demo/Demo_Run_1/DBSCAN_1/
[2025-09-05 13:45:27] Input File: /home/flaskposto/Documents/Projects/CLUE/CLUE-Core/Demo/Demo_Run_1/DBSCAN_1/input.csv
[2025-09-05 13:45:27] Clusters File: /home/flaskposto/Documents/Projects/CLUE/CLUE-Core/Demo/Demo_Run_1/DBSCAN_1/clusters.csv
[2025-09-05 13:45:27] Metadata File: /home/flaskposto/Documents/Projects/CLUE/CLUE-Core/Demo/Demo_Run_1/DBSCAN_1/metadata.csv
[2025-09-05 13:45:27] Feature Selection File: 
[2025-09-05 13:45:27] Cluster Selection File: /home/flaskposto/Documents/Projects/CLUE/CLUE-Core/Demo/demo_1_selection.csv
[2025-09-05 13:45:27] buildCall called
[2025-09-05 13:45:27] getConfigCallOpts called
[2025-09-05 13:45:27] refreshCallOpts called
[2025-09-05 13:45:28] Reading input dataset in CSV format...
[2025-09-05 13:45:28] Reading data took: 0.085967022 seconds
[2025-09-05 13:45:28] Normalizing Data ...
[2025-09-05 13:45:28] Performing vanilla DBSCAN clustering...
[2025-09-05 13:45:28] Performing Vanilla DBSCAN
[2025-09-05 13:45:28] Clustering took: 0.307733956 seconds
[2025-09-05 13:45:28] Saving clustering labels...
[2025-09-05 13:45:28] Exporting cluster metadata to /home/flaskposto/Documents/Projects/CLUE/CLUE-Core/Demo/Demo_Run_1/DBSCAN_1/metadata.csv
[2025-09-05 13:45:28] Number of dimensions: 24
[2025-09-05 13:45:28] DEBUG: Starting exportClusterMetadata
[2025-09-05 13:45:28] DEBUG: Total points: 2046
[2025-09-05 13:45:28] DEBUG: minPts value: 20
[2025-09-05 13:45:28] DEBUG: Total clusters found: 1
[2025-09-05 13:45:28] DEBUG: Cluster 1 has 809 points
[2025-09-05 13:45:28] Running Param evaluationssss
[2025-09-05 13:45:28] Preparing shared cluster metrics calculation...
[2025-09-05 13:45:28] Using 18 sample points for metrics calculation
[2025-09-05 13:45:28] ε=0.0350, minPts=20 → 1 clusters, 1237 noise (60.5%), , DBI=179769313486231570000000000000000000000000000000000000000000000000000000000000000000000000000000000000000000000000000000000000000000000000000000000000000000000000000000000000000000000000000000000000000000000000000000000000000000000000000000000000000000000000000000000000000000000000000000000000000000000000000.0000, Silhouette=-1.0000, CH=0.0000, Dunn=0.0000, DBCV=0.0000
[2025-09-05 13:45:28] Davies-Bouldin: Lower is better
[2025-09-05 13:45:28] Silhuette coefficient: Higher is better
[2025-09-05 13:45:28] Calinski-Harabasz: Higher is better
[2025-09-05 13:45:28] Dunn index: Higher is better
[2025-09-05 13:45:28] DBCV: Higher is better
[2025-09-05 13:45:28] 
[2025-09-05 13:45:28] Writing output files to directory: /home/flaskposto/Documents/Projects/CLUE/CLUE-Core/Demo/Demo_Run_1/output

[2025-09-05 13:45:28] Final round name: DBSCAN_1
[2025-09-05 13:45:28] Copying final round clusters file...
[2025-09-05 13:45:28] Copying final round metadata file...
[2025-09-05 13:45:28] generateGraphs called
[2025-09-05 13:45:28] __rawBands called
[2025-09-05 13:45:28] __featureProfiles called
[2025-09-05 13:45:28] filter called
[2025-09-05 13:45:28] No features file provided, accepting all features...
[2025-09-05 13:45:28] __headers called
[2025-09-05 13:45:28] HEADERS DONE
[2025-09-05 13:45:28] Run Complete: The CLUE run has completed successfully.
[2025-09-05 13:45:29] updateBaseDirectory called
[2025-09-05 13:45:29] updateDirectory called
[2025-09-05 13:45:29] updateDirectory called
[2025-09-05 13:45:29] Running CLUE: Starting the CLUE run...
[2025-09-05 13:45:29] run called
[2025-09-05 13:45:30] Building base features file...
[2025-09-05 13:45:30] extractFromDataFrame called
[2025-09-05 13:45:32] __headers called
[2025-09-05 13:45:32] HEADERS DONE IN EXTRACTFROMDATAFRAME
[2025-09-05 13:48:52] Settings Updated: Logging settings have been updated.
[2025-09-05 13:48:53] updateBaseDirectory called
[2025-09-05 13:48:53] updateDirectory called
[2025-09-05 13:48:53] updateDirectory called
[2025-09-05 13:48:53] Running CLUE: Starting the CLUE run...
[2025-09-05 13:48:53] run called
[2025-09-05 13:48:53] Building base features file...
[2025-09-05 13:48:53] extractFromDataFrame called
[2025-09-05 13:48:55] __headers called
[2025-09-05 13:48:55] HEADERS DONE IN EXTRACTFROMDATAFRAME
[2025-09-05 13:48:55] Base features extracted, writing to file...
[2025-09-05 13:48:55] baseFeatures file written to /home/flaskposto/Documents/Projects/CLUE/CLUE-Core/Demo/Demo_Run_1/baseFeatures.csv
[2025-09-05 13:48:55] Filtering input data for round: KMeans_1...
[2025-09-05 13:48:55] filter called
[2025-09-05 13:48:55] No features file provided, accepting all features...
[2025-09-05 13:48:55] runRound called
[2025-09-05 13:48:55] Running round: KMeans_1...
[2025-09-05 13:48:55] Using CLUECLUST jar file: /home/flaskposto/Documents/Projects/CLUE/CLUE-Core/CLUE-CORE/src/external/CLUECLUST.jar
[2025-09-05 13:48:55] Target round directory: /home/flaskposto/Documents/Projects/CLUE/CLUE-Core/Demo/Demo_Run_1/KMeans_1/
[2025-09-05 13:48:55] Input File: /home/flaskposto/Documents/Projects/CLUE/CLUE-Core/Demo/Demo_Run_1/KMeans_1/input.csv
[2025-09-05 13:48:55] Clusters File: /home/flaskposto/Documents/Projects/CLUE/CLUE-Core/Demo/Demo_Run_1/KMeans_1/clusters.csv
[2025-09-05 13:48:55] Metadata File: /home/flaskposto/Documents/Projects/CLUE/CLUE-Core/Demo/Demo_Run_1/KMeans_1/metadata.csv
[2025-09-05 13:48:55] Feature Selection File: 
[2025-09-05 13:48:55] Cluster Selection File: 
[2025-09-05 13:48:55] buildCall called
[2025-09-05 13:48:55] getConfigCallOpts called
[2025-09-05 13:48:55] refreshCallOpts called
[2025-09-05 13:48:56] Reading input dataset in CSV format...
[2025-09-05 13:48:56] Reading data took: 0.160831996 seconds
[2025-09-05 13:48:56] Performing K-Means clustering with k=5, maxIterations=100
[2025-09-05 13:48:56] Dataset dimensions: 24
[2025-09-05 13:48:56] Dataset size: 4999 points
[2025-09-05 13:48:56] Initialized 5 centroids using k-means++
[2025-09-05 13:48:56] Starting K-Means iterations...
[2025-09-05 13:48:56] Iteration 0: 4999 points changed clusters (100.00%)
[2025-09-05 13:48:56] Iteration 1: 1553 points changed clusters (31.07%)
[2025-09-05 13:48:56] Iteration 2: 394 points changed clusters (7.88%)
[2025-09-05 13:48:56] Iteration 3: 286 points changed clusters (5.72%)
[2025-09-05 13:48:56] Iteration 4: 311 points changed clusters (6.22%)
[2025-09-05 13:48:56] Iteration 5: 279 points changed clusters (5.58%)
[2025-09-05 13:48:56] Iteration 6: 216 points changed clusters (4.32%)
[2025-09-05 13:48:56] Iteration 7: 158 points changed clusters (3.16%)
[2025-09-05 13:48:56] Iteration 8: 109 points changed clusters (2.18%)
[2025-09-05 13:48:56] Iteration 9: 75 points changed clusters (1.50%)
[2025-09-05 13:48:56] Iteration 10: 57 points changed clusters (1.14%)
[2025-09-05 13:48:56] Iteration 11: 48 points changed clusters (0.96%)
[2025-09-05 13:48:56] Iteration 12: 31 points changed clusters (0.62%)
[2025-09-05 13:48:56] Iteration 13: 25 points changed clusters (0.50%)
[2025-09-05 13:48:56] Iteration 14: 20 points changed clusters (0.40%)
[2025-09-05 13:48:56] Iteration 15: 11 points changed clusters (0.22%)
[2025-09-05 13:48:56] Iteration 16: 9 points changed clusters (0.18%)
[2025-09-05 13:48:56] Iteration 17: 6 points changed clusters (0.12%)
[2025-09-05 13:48:56] Iteration 18: 8 points changed clusters (0.16%)
[2025-09-05 13:48:56] Iteration 19: 10 points changed clusters (0.20%)
[2025-09-05 13:48:56] Iteration 20: 9 points changed clusters (0.18%)
[2025-09-05 13:48:56] Iteration 21: 13 points changed clusters (0.26%)
[2025-09-05 13:48:56] Iteration 22: 10 points changed clusters (0.20%)
[2025-09-05 13:48:56] Iteration 23: 7 points changed clusters (0.14%)
[2025-09-05 13:48:56] Iteration 24: 3 points changed clusters (0.06%)
[2025-09-05 13:48:56] K-Means converged after 24 iterations
[2025-09-05 13:48:56] Clustering took: 0.21612937 seconds
[2025-09-05 13:48:56] Saving clustering labels...
[2025-09-05 13:48:56] Exporting cluster metadata to /home/flaskposto/Documents/Projects/CLUE/CLUE-Core/Demo/Demo_Run_1/KMeans_1/metadata.csv
[2025-09-05 13:48:56] Number of dimensions: 24
[2025-09-05 13:48:56] Number of dimensions: 24
[2025-09-05 13:48:56] Number of dimensions: 24
[2025-09-05 13:48:56] Number of dimensions: 24
[2025-09-05 13:48:56] Number of dimensions: 24
[2025-09-05 13:48:56] DEBUG: Starting exportClusterMetadata
[2025-09-05 13:48:56] DEBUG: Total points: 4999
[2025-09-05 13:48:56] DEBUG: minPts value: 500
[2025-09-05 13:48:56] DEBUG: Total clusters found: 5
[2025-09-05 13:48:56] DEBUG: Cluster 0 has 989 points
[2025-09-05 13:48:56] DEBUG: Cluster 1 has 1018 points
[2025-09-05 13:48:56] DEBUG: Cluster 2 has 1038 points
[2025-09-05 13:48:56] DEBUG: Cluster 3 has 991 points
[2025-09-05 13:48:56] DEBUG: Cluster 4 has 963 points
[2025-09-05 13:48:56] Filtering input data for round: DBSCAN_1...
[2025-09-05 13:48:56] filter called
[2025-09-05 13:48:56] No features file provided, accepting all features...
[2025-09-05 13:48:56] filterSelection called
[2025-09-05 13:48:56] runRound called
[2025-09-05 13:48:56] Running round: DBSCAN_1...
[2025-09-05 13:48:56] Using CLUECLUST jar file: /home/flaskposto/Documents/Projects/CLUE/CLUE-Core/CLUE-CORE/src/external/CLUECLUST.jar
[2025-09-05 13:48:56] Target round directory: /home/flaskposto/Documents/Projects/CLUE/CLUE-Core/Demo/Demo_Run_1/DBSCAN_1/
[2025-09-05 13:48:56] Input File: /home/flaskposto/Documents/Projects/CLUE/CLUE-Core/Demo/Demo_Run_1/DBSCAN_1/input.csv
[2025-09-05 13:48:56] Clusters File: /home/flaskposto/Documents/Projects/CLUE/CLUE-Core/Demo/Demo_Run_1/DBSCAN_1/clusters.csv
[2025-09-05 13:48:56] Metadata File: /home/flaskposto/Documents/Projects/CLUE/CLUE-Core/Demo/Demo_Run_1/DBSCAN_1/metadata.csv
[2025-09-05 13:48:56] Feature Selection File: 
[2025-09-05 13:48:56] Cluster Selection File: /home/flaskposto/Documents/Projects/CLUE/CLUE-Core/Demo/demo_1_selection.csv
[2025-09-05 13:48:56] buildCall called
[2025-09-05 13:48:56] getConfigCallOpts called
[2025-09-05 13:48:56] refreshCallOpts called
[2025-09-05 13:48:56] Reading input dataset in CSV format...
[2025-09-05 13:48:56] Reading data took: 0.08193195 seconds
[2025-09-05 13:48:56] Normalizing Data ...
[2025-09-05 13:48:56] Performing vanilla DBSCAN clustering...
[2025-09-05 13:48:56] Performing Vanilla DBSCAN
[2025-09-05 13:48:56] Clustering took: 0.276312882 seconds
[2025-09-05 13:48:56] Saving clustering labels...
[2025-09-05 13:48:56] Exporting cluster metadata to /home/flaskposto/Documents/Projects/CLUE/CLUE-Core/Demo/Demo_Run_1/DBSCAN_1/metadata.csv
[2025-09-05 13:48:56] Number of dimensions: 24
[2025-09-05 13:48:56] Number of dimensions: 24
[2025-09-05 13:48:56] DEBUG: Starting exportClusterMetadata
[2025-09-05 13:48:56] DEBUG: Total points: 1951
[2025-09-05 13:48:56] DEBUG: minPts value: 20
[2025-09-05 13:48:56] DEBUG: Total clusters found: 2
[2025-09-05 13:48:56] DEBUG: Cluster 1 has 344 points
[2025-09-05 13:48:56] DEBUG: Cluster 2 has 237 points
[2025-09-05 13:48:56] Running Param evaluationssss
[2025-09-05 13:48:56] Preparing shared cluster metrics calculation...
[2025-09-05 13:48:56] Using 18 sample points for metrics calculation
[2025-09-05 13:48:56] Davies-Bouldin calculation completed in 0 ms
[2025-09-05 13:48:56] Silhouette calculation completed in 2 ms for 60 points
[2025-09-05 13:48:56] Calinski-Harabasz calculation completed in 1 ms
[2025-09-05 13:48:56] Dunn Index calculation completed in 0 ms
[2025-09-05 13:48:56] Precomputing all core distances for DBCV...
[2025-09-05 13:48:56] DBCV calculation completed in 24 ms
[2025-09-05 13:48:56] ε=0.0350, minPts=20 → 2 clusters, 1370 noise (70.2%), , DBI=1.3013, Silhouette=0.3108, CH=317.3190, Dunn=0.6150, DBCV=-0.0749
[2025-09-05 13:48:56] Davies-Bouldin: Lower is better
[2025-09-05 13:48:56] Silhuette coefficient: Higher is better
[2025-09-05 13:48:56] Calinski-Harabasz: Higher is better
[2025-09-05 13:48:56] Dunn index: Higher is better
[2025-09-05 13:48:56] DBCV: Higher is better
[2025-09-05 13:48:56] 
[2025-09-05 13:48:56] Writing output files to directory: /home/flaskposto/Documents/Projects/CLUE/CLUE-Core/Demo/Demo_Run_1/output

[2025-09-05 13:48:56] Final round name: DBSCAN_1
[2025-09-05 13:48:56] Copying final round clusters file...
[2025-09-05 13:48:56] Copying final round metadata file...
[2025-09-05 13:48:56] generateGraphs called
[2025-09-05 13:48:56] __rawBands called
[2025-09-05 13:48:57] __featureProfiles called
[2025-09-05 13:48:57] filter called
[2025-09-05 13:48:57] No features file provided, accepting all features...
[2025-09-05 13:48:57] __headers called
[2025-09-05 13:48:57] HEADERS DONE
[2025-09-05 13:48:57] Run Complete: The CLUE run has completed successfully.
[2025-09-05 13:48:59] updateBaseDirectory called
[2025-09-05 13:48:59] updateDirectory called
[2025-09-05 13:48:59] updateDirectory called
[2025-09-05 13:48:59] Running CLUE: Starting the CLUE run...
[2025-09-05 13:48:59] run called
[2025-09-05 13:48:59] Building base features file...
[2025-09-05 13:48:59] extractFromDataFrame called
[2025-09-05 13:49:01] __headers called
[2025-09-05 13:49:01] HEADERS DONE IN EXTRACTFROMDATAFRAME
[2025-09-05 13:49:01] Base features extracted, writing to file...
[2025-09-05 13:49:01] baseFeatures file written to /home/flaskposto/Documents/Projects/CLUE/CLUE-Core/Demo/Demo_Run_1/baseFeatures.csv
[2025-09-05 13:49:01] Filtering input data for round: KMeans_1...
[2025-09-05 13:49:01] filter called
[2025-09-05 13:49:01] No features file provided, accepting all features...
[2025-09-05 13:49:01] runRound called
[2025-09-05 13:49:01] Running round: KMeans_1...
[2025-09-05 13:49:01] Using CLUECLUST jar file: /home/flaskposto/Documents/Projects/CLUE/CLUE-Core/CLUE-CORE/src/external/CLUECLUST.jar
[2025-09-05 13:49:01] Target round directory: /home/flaskposto/Documents/Projects/CLUE/CLUE-Core/Demo/Demo_Run_1/KMeans_1/
[2025-09-05 13:49:01] Input File: /home/flaskposto/Documents/Projects/CLUE/CLUE-Core/Demo/Demo_Run_1/KMeans_1/input.csv
[2025-09-05 13:49:01] Clusters File: /home/flaskposto/Documents/Projects/CLUE/CLUE-Core/Demo/Demo_Run_1/KMeans_1/clusters.csv
[2025-09-05 13:49:01] Metadata File: /home/flaskposto/Documents/Projects/CLUE/CLUE-Core/Demo/Demo_Run_1/KMeans_1/metadata.csv
[2025-09-05 13:49:01] Feature Selection File: 
[2025-09-05 13:49:01] Cluster Selection File: 
[2025-09-05 13:49:01] buildCall called
[2025-09-05 13:49:01] getConfigCallOpts called
[2025-09-05 13:49:01] refreshCallOpts called
[2025-09-05 13:49:01] Reading input dataset in CSV format...
[2025-09-05 13:49:01] Reading data took: 0.154014786 seconds
[2025-09-05 13:49:01] Performing K-Means clustering with k=5, maxIterations=100
[2025-09-05 13:49:01] Dataset dimensions: 24
[2025-09-05 13:49:01] Dataset size: 4999 points
[2025-09-05 13:49:01] Initialized 5 centroids using k-means++
[2025-09-05 13:49:01] Starting K-Means iterations...
[2025-09-05 13:49:01] Iteration 0: 4999 points changed clusters (100.00%)
[2025-09-05 13:49:01] Iteration 1: 1093 points changed clusters (21.86%)
[2025-09-05 13:49:01] Iteration 2: 436 points changed clusters (8.72%)
[2025-09-05 13:49:01] Iteration 3: 279 points changed clusters (5.58%)
[2025-09-05 13:49:01] Iteration 4: 205 points changed clusters (4.10%)
[2025-09-05 13:49:01] Iteration 5: 121 points changed clusters (2.42%)
[2025-09-05 13:49:01] Iteration 6: 107 points changed clusters (2.14%)
[2025-09-05 13:49:01] Iteration 7: 95 points changed clusters (1.90%)
[2025-09-05 13:49:01] Iteration 8: 88 points changed clusters (1.76%)
[2025-09-05 13:49:01] Iteration 9: 84 points changed clusters (1.68%)
[2025-09-05 13:49:01] Iteration 10: 116 points changed clusters (2.32%)
[2025-09-05 13:49:01] Iteration 11: 126 points changed clusters (2.52%)
[2025-09-05 13:49:01] Iteration 12: 128 points changed clusters (2.56%)
[2025-09-05 13:49:01] Iteration 13: 117 points changed clusters (2.34%)
[2025-09-05 13:49:01] Iteration 14: 125 points changed clusters (2.50%)
[2025-09-05 13:49:01] Iteration 15: 150 points changed clusters (3.00%)
[2025-09-05 13:49:01] Iteration 16: 149 points changed clusters (2.98%)
[2025-09-05 13:49:01] Iteration 17: 156 points changed clusters (3.12%)
[2025-09-05 13:49:01] Iteration 18: 143 points changed clusters (2.86%)
[2025-09-05 13:49:01] Iteration 19: 109 points changed clusters (2.18%)
[2025-09-05 13:49:01] Iteration 20: 94 points changed clusters (1.88%)
[2025-09-05 13:49:01] Iteration 21: 77 points changed clusters (1.54%)
[2025-09-05 13:49:01] Iteration 22: 68 points changed clusters (1.36%)
[2025-09-05 13:49:01] Iteration 23: 36 points changed clusters (0.72%)
[2025-09-05 13:49:01] Iteration 24: 32 points changed clusters (0.64%)
[2025-09-05 13:49:01] Iteration 25: 25 points changed clusters (0.50%)
[2025-09-05 13:49:01] Iteration 26: 19 points changed clusters (0.38%)
[2025-09-05 13:49:01] Iteration 27: 14 points changed clusters (0.28%)
[2025-09-05 13:49:01] Iteration 28: 12 points changed clusters (0.24%)
[2025-09-05 13:49:01] Iteration 29: 7 points changed clusters (0.14%)
[2025-09-05 13:49:01] Iteration 30: 6 points changed clusters (0.12%)
[2025-09-05 13:49:01] Iteration 31: 9 points changed clusters (0.18%)
[2025-09-05 13:49:02] Iteration 32: 5 points changed clusters (0.10%)
[2025-09-05 13:49:02] Iteration 33: 1 points changed clusters (0.02%)
[2025-09-05 13:49:02] K-Means converged after 33 iterations
[2025-09-05 13:49:02] Clustering took: 0.235014194 seconds
[2025-09-05 13:49:02] Saving clustering labels...
[2025-09-05 13:49:02] Exporting cluster metadata to /home/flaskposto/Documents/Projects/CLUE/CLUE-Core/Demo/Demo_Run_1/KMeans_1/metadata.csv
[2025-09-05 13:49:02] Number of dimensions: 24
[2025-09-05 13:49:02] Number of dimensions: 24
[2025-09-05 13:49:02] Number of dimensions: 24
[2025-09-05 13:49:02] Number of dimensions: 24
[2025-09-05 13:49:02] Number of dimensions: 24
[2025-09-05 13:49:02] DEBUG: Starting exportClusterMetadata
[2025-09-05 13:49:02] DEBUG: Total points: 4999
[2025-09-05 13:49:02] DEBUG: minPts value: 500
[2025-09-05 13:49:02] DEBUG: Total clusters found: 5
[2025-09-05 13:49:02] DEBUG: Cluster 0 has 1019 points
[2025-09-05 13:49:02] DEBUG: Cluster 1 has 985 points
[2025-09-05 13:49:02] DEBUG: Cluster 2 has 1033 points
[2025-09-05 13:49:02] DEBUG: Cluster 3 has 976 points
[2025-09-05 13:49:02] DEBUG: Cluster 4 has 986 points
[2025-09-05 13:49:02] Filtering input data for round: DBSCAN_1...
[2025-09-05 13:49:02] filter called
[2025-09-05 13:49:02] No features file provided, accepting all features...
[2025-09-05 13:49:02] filterSelection called
[2025-09-05 13:49:02] runRound called
[2025-09-05 13:49:02] Running round: DBSCAN_1...
[2025-09-05 13:49:02] Using CLUECLUST jar file: /home/flaskposto/Documents/Projects/CLUE/CLUE-Core/CLUE-CORE/src/external/CLUECLUST.jar
[2025-09-05 13:49:02] Target round directory: /home/flaskposto/Documents/Projects/CLUE/CLUE-Core/Demo/Demo_Run_1/DBSCAN_1/
[2025-09-05 13:49:02] Input File: /home/flaskposto/Documents/Projects/CLUE/CLUE-Core/Demo/Demo_Run_1/DBSCAN_1/input.csv
[2025-09-05 13:49:02] Clusters File: /home/flaskposto/Documents/Projects/CLUE/CLUE-Core/Demo/Demo_Run_1/DBSCAN_1/clusters.csv
[2025-09-05 13:49:02] Metadata File: /home/flaskposto/Documents/Projects/CLUE/CLUE-Core/Demo/Demo_Run_1/DBSCAN_1/metadata.csv
[2025-09-05 13:49:02] Feature Selection File: 
[2025-09-05 13:49:02] Cluster Selection File: /home/flaskposto/Documents/Projects/CLUE/CLUE-Core/Demo/demo_1_selection.csv
[2025-09-05 13:49:02] buildCall called
[2025-09-05 13:49:02] getConfigCallOpts called
[2025-09-05 13:49:02] refreshCallOpts called
[2025-09-05 13:49:02] Reading input dataset in CSV format...
[2025-09-05 13:49:02] Reading data took: 0.086702639 seconds
[2025-09-05 13:49:02] Normalizing Data ...
[2025-09-05 13:49:02] Performing vanilla DBSCAN clustering...
[2025-09-05 13:49:02] Performing Vanilla DBSCAN
[2025-09-05 13:49:02] Clustering took: 0.289545121 seconds
[2025-09-05 13:49:02] Saving clustering labels...
[2025-09-05 13:49:02] Exporting cluster metadata to /home/flaskposto/Documents/Projects/CLUE/CLUE-Core/Demo/Demo_Run_1/DBSCAN_1/metadata.csv
[2025-09-05 13:49:02] Number of dimensions: 24
[2025-09-05 13:49:02] Number of dimensions: 24
[2025-09-05 13:49:02] DEBUG: Starting exportClusterMetadata
[2025-09-05 13:49:02] DEBUG: Total points: 2004
[2025-09-05 13:49:02] DEBUG: minPts value: 20
[2025-09-05 13:49:02] DEBUG: Total clusters found: 2
[2025-09-05 13:49:02] DEBUG: Cluster 1 has 307 points
[2025-09-05 13:49:02] DEBUG: Cluster 2 has 237 points
[2025-09-05 13:49:02] Running Param evaluationssss
[2025-09-05 13:49:02] Preparing shared cluster metrics calculation...
[2025-09-05 13:49:02] Using 18 sample points for metrics calculation
[2025-09-05 13:49:02] Davies-Bouldin calculation completed in 0 ms
[2025-09-05 13:49:02] Silhouette calculation completed in 2 ms for 58 points
[2025-09-05 13:49:02] Calinski-Harabasz calculation completed in 1 ms
[2025-09-05 13:49:02] Dunn Index calculation completed in 0 ms
[2025-09-05 13:49:02] Precomputing all core distances for DBCV...
[2025-09-05 13:49:02] DBCV calculation completed in 25 ms
[2025-09-05 13:49:02] ε=0.0350, minPts=20 → 2 clusters, 1460 noise (72.9%), , DBI=1.0127, Silhouette=0.4173, CH=498.1411, Dunn=0.7846, DBCV=0.1575
[2025-09-05 13:49:02] Davies-Bouldin: Lower is better
[2025-09-05 13:49:02] Silhuette coefficient: Higher is better
[2025-09-05 13:49:02] Calinski-Harabasz: Higher is better
[2025-09-05 13:49:02] Dunn index: Higher is better
[2025-09-05 13:49:02] DBCV: Higher is better
[2025-09-05 13:49:02] 
[2025-09-05 13:49:02] Writing output files to directory: /home/flaskposto/Documents/Projects/CLUE/CLUE-Core/Demo/Demo_Run_1/output

[2025-09-05 13:49:02] Final round name: DBSCAN_1
[2025-09-05 13:49:02] Copying final round clusters file...
[2025-09-05 13:49:02] Copying final round metadata file...
[2025-09-05 13:49:02] generateGraphs called
[2025-09-05 13:49:02] __rawBands called
[2025-09-05 13:49:02] __featureProfiles called
[2025-09-05 13:49:02] filter called
[2025-09-05 13:49:02] No features file provided, accepting all features...
[2025-09-05 13:49:02] __headers called
[2025-09-05 13:49:02] HEADERS DONE
[2025-09-05 13:49:03] Run Complete: The CLUE run has completed successfully.
[2025-09-05 13:49:05] updateBaseDirectory called
[2025-09-05 13:49:05] updateDirectory called
[2025-09-05 13:49:05] updateDirectory called
[2025-09-05 13:49:05] Running CLUE: Starting the CLUE run...
[2025-09-05 13:49:05] run called
[2025-09-05 13:49:05] Building base features file...
[2025-09-05 13:49:05] extractFromDataFrame called
[2025-09-05 13:49:07] __headers called
[2025-09-05 13:49:07] HEADERS DONE IN EXTRACTFROMDATAFRAME
[2025-09-05 13:49:07] Base features extracted, writing to file...
[2025-09-05 13:49:07] baseFeatures file written to /home/flaskposto/Documents/Projects/CLUE/CLUE-Core/Demo/Demo_Run_1/baseFeatures.csv
[2025-09-05 13:49:07] Filtering input data for round: KMeans_1...
[2025-09-05 13:49:07] filter called
[2025-09-05 13:49:07] No features file provided, accepting all features...
[2025-09-05 13:49:07] runRound called
[2025-09-05 13:49:07] Running round: KMeans_1...
[2025-09-05 13:49:07] Using CLUECLUST jar file: /home/flaskposto/Documents/Projects/CLUE/CLUE-Core/CLUE-CORE/src/external/CLUECLUST.jar
[2025-09-05 13:49:38] Settings Updated: Logging settings have been updated.
[2025-09-05 13:49:42] updateBaseDirectory called
[2025-09-05 13:49:42] updateDirectory called
[2025-09-05 13:49:42] updateDirectory called
[2025-09-05 13:49:42] Running CLUE: Starting the CLUE run...
[2025-09-05 13:49:42] run called
[2025-09-05 13:49:42] Building base features file...
[2025-09-05 13:49:42] extractFromDataFrame called
[2025-09-05 13:49:44] __headers called
[2025-09-05 13:49:44] HEADERS DONE IN EXTRACTFROMDATAFRAME
[2025-09-05 13:49:44] Base features extracted, writing to file...
[2025-09-05 13:49:44] baseFeatures file written to /home/flaskposto/Documents/Projects/CLUE/CLUE-Core/Demo/Demo_Run_1/baseFeatures.csv
[2025-09-05 13:49:44] Filtering input data for round: KMeans_1...
[2025-09-05 13:49:44] filter called
[2025-09-05 13:49:44] No features file provided, accepting all features...
[2025-09-05 13:49:44] runRound called
[2025-09-05 13:49:44] Running round: KMeans_1...
[2025-09-05 13:49:44] Using CLUECLUST jar file: /home/flaskposto/Documents/Projects/CLUE/CLUE-Core/CLUE-CORE/src/external/CLUECLUST.jar
[2025-09-05 13:49:44] Target round directory: /home/flaskposto/Documents/Projects/CLUE/CLUE-Core/Demo/Demo_Run_1/KMeans_1/
[2025-09-05 13:49:44] Input File: /home/flaskposto/Documents/Projects/CLUE/CLUE-Core/Demo/Demo_Run_1/KMeans_1/input.csv
[2025-09-05 13:49:44] Clusters File: /home/flaskposto/Documents/Projects/CLUE/CLUE-Core/Demo/Demo_Run_1/KMeans_1/clusters.csv
[2025-09-05 13:49:44] Metadata File: /home/flaskposto/Documents/Projects/CLUE/CLUE-Core/Demo/Demo_Run_1/KMeans_1/metadata.csv
[2025-09-05 13:49:44] Feature Selection File: 
[2025-09-05 13:49:44] Cluster Selection File: 
[2025-09-05 13:49:44] buildCall called
[2025-09-05 13:49:44] getConfigCallOpts called
[2025-09-05 13:49:44] refreshCallOpts called
[2025-09-05 13:49:45] Reading input dataset in CSV format...
[2025-09-05 13:49:45] Reading data took: 0.153600528 seconds
[2025-09-05 13:49:45] Performing K-Means clustering with k=5, maxIterations=100
[2025-09-05 13:49:45] Dataset dimensions: 24
[2025-09-05 13:49:45] Dataset size: 4999 points
[2025-09-05 13:49:45] Initialized 5 centroids using k-means++
[2025-09-05 13:49:45] Starting K-Means iterations...
[2025-09-05 13:49:45] Iteration 0: 4999 points changed clusters (100.00%)
[2025-09-05 13:49:45] Iteration 1: 1199 points changed clusters (23.98%)
[2025-09-05 13:49:45] Iteration 2: 459 points changed clusters (9.18%)
[2025-09-05 13:49:45] Iteration 3: 255 points changed clusters (5.10%)
[2025-09-05 13:49:45] Iteration 4: 158 points changed clusters (3.16%)
[2025-09-05 13:49:45] Iteration 5: 109 points changed clusters (2.18%)
[2025-09-05 13:49:45] Iteration 6: 112 points changed clusters (2.24%)
[2025-09-05 13:49:45] Iteration 7: 119 points changed clusters (2.38%)
[2025-09-05 13:49:45] Iteration 8: 121 points changed clusters (2.42%)
[2025-09-05 13:49:45] Iteration 9: 134 points changed clusters (2.68%)
[2025-09-05 13:49:45] Iteration 10: 158 points changed clusters (3.16%)
[2025-09-05 13:49:45] Iteration 11: 173 points changed clusters (3.46%)
[2025-09-05 13:49:45] Iteration 12: 186 points changed clusters (3.72%)
[2025-09-05 13:49:45] Iteration 13: 193 points changed clusters (3.86%)
[2025-09-05 13:49:45] Iteration 14: 171 points changed clusters (3.42%)
[2025-09-05 13:49:45] Iteration 15: 131 points changed clusters (2.62%)
[2025-09-05 13:49:45] Iteration 16: 89 points changed clusters (1.78%)
[2025-09-05 13:49:45] Iteration 17: 65 points changed clusters (1.30%)
[2025-09-05 13:49:45] Iteration 18: 50 points changed clusters (1.00%)
[2025-09-05 13:49:45] Iteration 19: 25 points changed clusters (0.50%)
[2025-09-05 13:49:45] Iteration 20: 19 points changed clusters (0.38%)
[2025-09-05 13:49:45] Iteration 21: 9 points changed clusters (0.18%)
[2025-09-05 13:49:45] Iteration 22: 12 points changed clusters (0.24%)
[2025-09-05 13:49:45] Iteration 23: 11 points changed clusters (0.22%)
[2025-09-05 13:49:45] Iteration 24: 8 points changed clusters (0.16%)
[2025-09-05 13:49:45] Iteration 25: 5 points changed clusters (0.10%)
[2025-09-05 13:49:45] Iteration 26: 4 points changed clusters (0.08%)
[2025-09-05 13:49:45] K-Means converged after 26 iterations
[2025-09-05 13:49:45] Clustering took: 0.217147192 seconds
[2025-09-05 13:49:45] Saving clustering labels...
[2025-09-05 13:49:45] Exporting cluster metadata to /home/flaskposto/Documents/Projects/CLUE/CLUE-Core/Demo/Demo_Run_1/KMeans_1/metadata.csv
[2025-09-05 13:49:45] Number of dimensions: 24
[2025-09-05 13:49:45] Number of dimensions: 24
[2025-09-05 13:49:45] Number of dimensions: 24
[2025-09-05 13:49:45] Number of dimensions: 24
[2025-09-05 13:49:45] Number of dimensions: 24
[2025-09-05 13:49:45] DEBUG: Starting exportClusterMetadata
[2025-09-05 13:49:45] DEBUG: Total points: 4999
[2025-09-05 13:49:45] DEBUG: minPts value: 500
[2025-09-05 13:49:45] DEBUG: Total clusters found: 5
[2025-09-05 13:49:45] DEBUG: Cluster 0 has 1053 points
[2025-09-05 13:49:45] DEBUG: Cluster 1 has 970 points
[2025-09-05 13:49:45] DEBUG: Cluster 2 has 1006 points
[2025-09-05 13:49:45] DEBUG: Cluster 3 has 980 points
[2025-09-05 13:49:45] DEBUG: Cluster 4 has 990 points
[2025-09-05 13:49:45] Filtering input data for round: DBSCAN_1...
[2025-09-05 13:49:45] filter called
[2025-09-05 13:49:45] No features file provided, accepting all features...
[2025-09-05 13:49:45] filterSelection called
[2025-09-05 13:49:45] runRound called
[2025-09-05 13:49:45] Running round: DBSCAN_1...
[2025-09-05 13:49:45] Using CLUECLUST jar file: /home/flaskposto/Documents/Projects/CLUE/CLUE-Core/CLUE-CORE/src/external/CLUECLUST.jar
[2025-09-05 13:49:45] Target round directory: /home/flaskposto/Documents/Projects/CLUE/CLUE-Core/Demo/Demo_Run_1/DBSCAN_1/
[2025-09-05 13:49:45] Input File: /home/flaskposto/Documents/Projects/CLUE/CLUE-Core/Demo/Demo_Run_1/DBSCAN_1/input.csv
[2025-09-05 13:49:45] Clusters File: /home/flaskposto/Documents/Projects/CLUE/CLUE-Core/Demo/Demo_Run_1/DBSCAN_1/clusters.csv
[2025-09-05 13:49:45] Metadata File: /home/flaskposto/Documents/Projects/CLUE/CLUE-Core/Demo/Demo_Run_1/DBSCAN_1/metadata.csv
[2025-09-05 13:49:45] Feature Selection File: 
[2025-09-05 13:49:45] Cluster Selection File: /home/flaskposto/Documents/Projects/CLUE/CLUE-Core/Demo/demo_1_selection.csv
[2025-09-05 13:49:45] buildCall called
[2025-09-05 13:49:45] getConfigCallOpts called
[2025-09-05 13:49:45] refreshCallOpts called
[2025-09-05 13:49:45] Reading input dataset in CSV format...
[2025-09-05 13:49:45] Reading data took: 0.085230877 seconds
[2025-09-05 13:49:45] Normalizing Data ...
[2025-09-05 13:49:45] Performing vanilla DBSCAN clustering...
[2025-09-05 13:49:45] Performing Vanilla DBSCAN
[2025-09-05 13:49:45] Clustering took: 0.302726241 seconds
[2025-09-05 13:49:45] Saving clustering labels...
[2025-09-05 13:49:45] Exporting cluster metadata to /home/flaskposto/Documents/Projects/CLUE/CLUE-Core/Demo/Demo_Run_1/DBSCAN_1/metadata.csv
[2025-09-05 13:49:45] Number of dimensions: 24
[2025-09-05 13:49:45] Number of dimensions: 24
[2025-09-05 13:49:45] DEBUG: Starting exportClusterMetadata
[2025-09-05 13:49:45] DEBUG: Total points: 2042
[2025-09-05 13:49:45] DEBUG: minPts value: 20
[2025-09-05 13:49:45] DEBUG: Total clusters found: 2
[2025-09-05 13:49:45] DEBUG: Cluster 1 has 394 points
[2025-09-05 13:49:45] DEBUG: Cluster 2 has 237 points
[2025-09-05 13:49:45] Running Param evaluationssss
[2025-09-05 13:49:45] Preparing shared cluster metrics calculation...
[2025-09-05 13:49:45] Using 18 sample points for metrics calculation
[2025-09-05 13:49:45] Davies-Bouldin calculation completed in 0 ms
[2025-09-05 13:49:45] Silhouette calculation completed in 2 ms for 60 points
[2025-09-05 13:49:45] Calinski-Harabasz calculation completed in 1 ms
[2025-09-05 13:49:45] Dunn Index calculation completed in 0 ms
[2025-09-05 13:49:45] Precomputing all core distances for DBCV...
[2025-09-05 13:49:45] DBCV calculation completed in 25 ms
[2025-09-05 13:49:45] ε=0.0350, minPts=20 → 2 clusters, 1411 noise (69.1%), , DBI=1.2052, Silhouette=0.3360, CH=386.1652, Dunn=0.6572, DBCV=0.0079
[2025-09-05 13:49:45] Davies-Bouldin: Lower is better
[2025-09-05 13:49:45] Silhuette coefficient: Higher is better
[2025-09-05 13:49:45] Calinski-Harabasz: Higher is better
[2025-09-05 13:49:45] Dunn index: Higher is better
[2025-09-05 13:49:45] DBCV: Higher is better
[2025-09-05 13:49:45] 
[2025-09-05 13:49:45] Writing output files to directory: /home/flaskposto/Documents/Projects/CLUE/CLUE-Core/Demo/Demo_Run_1/output

[2025-09-05 13:49:45] Final round name: DBSCAN_1
[2025-09-05 13:49:45] Copying final round clusters file...
[2025-09-05 13:49:45] Copying final round metadata file...
[2025-09-05 13:49:45] generateGraphs called
[2025-09-05 13:49:46] __rawBands called
[2025-09-05 13:49:46] __featureProfiles called
[2025-09-05 13:49:46] filter called
[2025-09-05 13:49:46] No features file provided, accepting all features...
[2025-09-05 13:49:46] __headers called
[2025-09-05 13:49:46] HEADERS DONE
[2025-09-05 13:49:46] Run Complete: The CLUE run has completed successfully.
[2025-09-05 13:49:52] updateBaseDirectory called
[2025-09-05 13:49:52] updateDirectory called
[2025-09-05 13:49:52] updateDirectory called
[2025-09-05 13:49:52] Running CLUE: Starting the CLUE run...
[2025-09-05 13:49:52] run called
[2025-09-05 13:49:52] Building base features file...
[2025-09-05 13:49:52] extractFromDataFrame called
[2025-09-05 13:49:55] __headers called
[2025-09-05 13:49:55] HEADERS DONE IN EXTRACTFROMDATAFRAME
[2025-09-05 13:49:55] Base features extracted, writing to file...
[2025-09-05 13:49:55] baseFeatures file written to /home/flaskposto/Documents/Projects/CLUE/CLUE-Core/Demo/Demo_Run_1/baseFeatures.csv
[2025-09-05 13:49:55] Filtering input data for round: KMeans_1...
[2025-09-05 13:49:55] filter called
[2025-09-05 13:49:55] No features file provided, accepting all features...
[2025-09-05 13:49:55] runRound called
[2025-09-05 13:49:55] Running round: KMeans_1...
[2025-09-05 13:49:55] Using CLUECLUST jar file: /home/flaskposto/Documents/Projects/CLUE/CLUE-Core/CLUE-CORE/src/external/CLUECLUST.jar
[2025-09-05 13:49:55] Target round directory: /home/flaskposto/Documents/Projects/CLUE/CLUE-Core/Demo/Demo_Run_1/KMeans_1/
[2025-09-05 13:49:55] Input File: /home/flaskposto/Documents/Projects/CLUE/CLUE-Core/Demo/Demo_Run_1/KMeans_1/input.csv
[2025-09-05 13:49:55] Clusters File: /home/flaskposto/Documents/Projects/CLUE/CLUE-Core/Demo/Demo_Run_1/KMeans_1/clusters.csv
[2025-09-05 13:49:55] Metadata File: /home/flaskposto/Documents/Projects/CLUE/CLUE-Core/Demo/Demo_Run_1/KMeans_1/metadata.csv
[2025-09-05 13:49:55] Feature Selection File: 
[2025-09-05 13:49:55] Cluster Selection File: 
[2025-09-05 13:49:55] buildCall called
[2025-09-05 13:49:55] getConfigCallOpts called
[2025-09-05 13:49:55] refreshCallOpts called
[2025-09-05 13:49:55] Reading input dataset in CSV format...
[2025-09-05 13:49:55] Reading data took: 0.189710416 seconds
[2025-09-05 13:49:55] Performing K-Means clustering with k=5, maxIterations=100
[2025-09-05 13:49:55] Dataset dimensions: 24
[2025-09-05 13:49:55] Dataset size: 4999 points
[2025-09-05 13:49:55] Initialized 5 centroids using k-means++
[2025-09-05 13:49:55] Starting K-Means iterations...
[2025-09-05 13:49:55] Iteration 0: 4999 points changed clusters (100.00%)
[2025-09-05 13:49:55] Iteration 1: 1052 points changed clusters (21.04%)
[2025-09-05 13:49:55] Iteration 2: 363 points changed clusters (7.26%)
[2025-09-05 13:49:55] Iteration 3: 198 points changed clusters (3.96%)
[2025-09-05 13:49:55] Iteration 4: 165 points changed clusters (3.30%)
[2025-09-05 13:49:55] Iteration 5: 153 points changed clusters (3.06%)
[2025-09-05 13:49:55] Iteration 6: 125 points changed clusters (2.50%)
[2025-09-05 13:49:55] Iteration 7: 104 points changed clusters (2.08%)
[2025-09-05 13:49:55] Iteration 8: 87 points changed clusters (1.74%)
[2025-09-05 13:49:55] Iteration 9: 62 points changed clusters (1.24%)
[2025-09-05 13:49:55] Iteration 10: 42 points changed clusters (0.84%)
[2025-09-05 13:49:55] Iteration 11: 35 points changed clusters (0.70%)
[2025-09-05 13:49:55] Iteration 12: 18 points changed clusters (0.36%)
[2025-09-05 13:49:55] Iteration 13: 21 points changed clusters (0.42%)
[2025-09-05 13:49:55] Iteration 14: 11 points changed clusters (0.22%)
[2025-09-05 13:49:55] Iteration 15: 10 points changed clusters (0.20%)
[2025-09-05 13:49:55] Iteration 16: 9 points changed clusters (0.18%)
[2025-09-05 13:49:55] Iteration 17: 7 points changed clusters (0.14%)
[2025-09-05 13:49:55] Iteration 18: 10 points changed clusters (0.20%)
[2025-09-05 13:49:55] Iteration 19: 5 points changed clusters (0.10%)
[2025-09-05 13:49:55] Iteration 20: 2 points changed clusters (0.04%)
[2025-09-05 13:49:55] K-Means converged after 20 iterations
[2025-09-05 13:49:55] Clustering took: 0.203857109 seconds
[2025-09-05 13:49:55] Saving clustering labels...
[2025-09-05 13:49:55] Exporting cluster metadata to /home/flaskposto/Documents/Projects/CLUE/CLUE-Core/Demo/Demo_Run_1/KMeans_1/metadata.csv
[2025-09-05 13:49:55] Number of dimensions: 24
[2025-09-05 13:49:55] Number of dimensions: 24
[2025-09-05 13:49:55] Number of dimensions: 24
[2025-09-05 13:49:55] Number of dimensions: 24
[2025-09-05 13:49:55] Number of dimensions: 24
[2025-09-05 13:49:55] DEBUG: Starting exportClusterMetadata
[2025-09-05 13:49:55] DEBUG: Total points: 4999
[2025-09-05 13:49:55] DEBUG: minPts value: 500
[2025-09-05 13:49:55] DEBUG: Total clusters found: 5
[2025-09-05 13:49:55] DEBUG: Cluster 0 has 986 points
[2025-09-05 13:49:55] DEBUG: Cluster 1 has 1019 points
[2025-09-05 13:49:55] DEBUG: Cluster 2 has 1034 points
[2025-09-05 13:49:55] DEBUG: Cluster 3 has 979 points
[2025-09-05 13:49:55] DEBUG: Cluster 4 has 981 points
[2025-09-05 13:49:55] Filtering input data for round: DBSCAN_1...
[2025-09-05 13:49:55] filter called
[2025-09-05 13:49:55] No features file provided, accepting all features...
[2025-09-05 13:49:55] filterSelection called
[2025-09-05 13:49:55] runRound called
[2025-09-05 13:49:55] Running round: DBSCAN_1...
[2025-09-05 13:49:55] Using CLUECLUST jar file: /home/flaskposto/Documents/Projects/CLUE/CLUE-Core/CLUE-CORE/src/external/CLUECLUST.jar
[2025-09-05 13:49:55] Target round directory: /home/flaskposto/Documents/Projects/CLUE/CLUE-Core/Demo/Demo_Run_1/DBSCAN_1/
[2025-09-05 13:49:55] Input File: /home/flaskposto/Documents/Projects/CLUE/CLUE-Core/Demo/Demo_Run_1/DBSCAN_1/input.csv
[2025-09-05 13:49:55] Clusters File: /home/flaskposto/Documents/Projects/CLUE/CLUE-Core/Demo/Demo_Run_1/DBSCAN_1/clusters.csv
[2025-09-05 13:49:55] Metadata File: /home/flaskposto/Documents/Projects/CLUE/CLUE-Core/Demo/Demo_Run_1/DBSCAN_1/metadata.csv
[2025-09-05 13:49:55] Feature Selection File: 
[2025-09-05 13:49:55] Cluster Selection File: /home/flaskposto/Documents/Projects/CLUE/CLUE-Core/Demo/demo_1_selection.csv
[2025-09-05 13:49:55] buildCall called
[2025-09-05 13:49:55] getConfigCallOpts called
[2025-09-05 13:49:55] refreshCallOpts called
[2025-09-05 13:49:56] Reading input dataset in CSV format...
[2025-09-05 13:49:56] Reading data took: 0.081795697 seconds
[2025-09-05 13:49:56] Normalizing Data ...
[2025-09-05 13:49:56] Performing vanilla DBSCAN clustering...
[2025-09-05 13:49:56] Performing Vanilla DBSCAN
[2025-09-05 13:49:56] Clustering took: 0.307846497 seconds
[2025-09-05 13:49:56] Saving clustering labels...
[2025-09-05 13:49:56] Exporting cluster metadata to /home/flaskposto/Documents/Projects/CLUE/CLUE-Core/Demo/Demo_Run_1/DBSCAN_1/metadata.csv
[2025-09-05 13:49:56] Number of dimensions: 24
[2025-09-05 13:49:56] DEBUG: Starting exportClusterMetadata
[2025-09-05 13:49:56] DEBUG: Total points: 1966
[2025-09-05 13:49:56] DEBUG: minPts value: 20
[2025-09-05 13:49:56] DEBUG: Total clusters found: 1
[2025-09-05 13:49:56] DEBUG: Cluster 1 has 404 points
[2025-09-05 13:49:56] Running Param evaluationssss
[2025-09-05 13:49:56] Preparing shared cluster metrics calculation...
[2025-09-05 13:49:56] Using 18 sample points for metrics calculation
[2025-09-05 13:49:56] ε=0.0350, minPts=20 → 1 clusters, 1562 noise (79.5%), , DBI=179769313486231570000000000000000000000000000000000000000000000000000000000000000000000000000000000000000000000000000000000000000000000000000000000000000000000000000000000000000000000000000000000000000000000000000000000000000000000000000000000000000000000000000000000000000000000000000000000000000000000000000.0000, Silhouette=-1.0000, CH=0.0000, Dunn=0.0000, DBCV=0.0000
[2025-09-05 13:49:56] Davies-Bouldin: Lower is better
[2025-09-05 13:49:56] Silhuette coefficient: Higher is better
[2025-09-05 13:49:56] Calinski-Harabasz: Higher is better
[2025-09-05 13:49:56] Dunn index: Higher is better
[2025-09-05 13:49:56] DBCV: Higher is better
[2025-09-05 13:49:56] 
[2025-09-05 13:49:56] Writing output files to directory: /home/flaskposto/Documents/Projects/CLUE/CLUE-Core/Demo/Demo_Run_1/output

[2025-09-05 13:49:56] Final round name: DBSCAN_1
[2025-09-05 13:49:56] Copying final round clusters file...
[2025-09-05 13:49:56] Copying final round metadata file...
[2025-09-05 13:49:56] generateGraphs called
[2025-09-05 13:49:56] __rawBands called
[2025-09-05 13:49:56] __featureProfiles called
[2025-09-05 13:49:56] filter called
[2025-09-05 13:49:56] No features file provided, accepting all features...
[2025-09-05 13:49:56] __headers called
[2025-09-05 13:49:56] HEADERS DONE
[2025-09-05 13:49:56] Run Complete: The CLUE run has completed successfully.
[2025-09-05 13:50:05] updateBaseDirectory called
[2025-09-05 13:50:05] updateDirectory called
[2025-09-05 13:50:05] updateDirectory called
[2025-09-05 13:50:05] Running CLUE: Starting the CLUE run...
[2025-09-05 13:50:05] run called
[2025-09-05 13:50:05] Building base features file...
[2025-09-05 13:50:05] extractFromDataFrame called
[2025-09-05 13:50:07] __headers called
[2025-09-05 13:50:07] HEADERS DONE IN EXTRACTFROMDATAFRAME
[2025-09-05 13:50:07] Base features extracted, writing to file...
[2025-09-05 13:50:08] baseFeatures file written to /home/flaskposto/Documents/Projects/CLUE/CLUE-Core/Demo/Demo_Run_1/baseFeatures.csv
[2025-09-05 13:50:08] Filtering input data for round: KMeans_1...
[2025-09-05 13:50:08] filter called
[2025-09-05 13:50:08] No features file provided, accepting all features...
[2025-09-05 13:50:08] runRound called
[2025-09-05 13:50:08] Running round: KMeans_1...
[2025-09-05 13:50:08] Using CLUECLUST jar file: /home/flaskposto/Documents/Projects/CLUE/CLUE-Core/CLUE-CORE/src/external/CLUECLUST.jar
[2025-09-05 13:50:08] Target round directory: /home/flaskposto/Documents/Projects/CLUE/CLUE-Core/Demo/Demo_Run_1/KMeans_1/
[2025-09-05 13:50:08] Input File: /home/flaskposto/Documents/Projects/CLUE/CLUE-Core/Demo/Demo_Run_1/KMeans_1/input.csv
[2025-09-05 13:50:08] Clusters File: /home/flaskposto/Documents/Projects/CLUE/CLUE-Core/Demo/Demo_Run_1/KMeans_1/clusters.csv
[2025-09-05 13:50:08] Metadata File: /home/flaskposto/Documents/Projects/CLUE/CLUE-Core/Demo/Demo_Run_1/KMeans_1/metadata.csv
[2025-09-05 13:50:08] Feature Selection File: 
[2025-09-05 13:50:08] Cluster Selection File: 
[2025-09-05 13:50:08] buildCall called
[2025-09-05 13:50:08] getConfigCallOpts called
[2025-09-05 13:50:08] refreshCallOpts called
[2025-09-05 13:50:08] Reading input dataset in CSV format...
[2025-09-05 13:50:08] Reading data took: 0.193378809 seconds
[2025-09-05 13:50:08] Performing K-Means clustering with k=5, maxIterations=100
[2025-09-05 13:50:08] Dataset dimensions: 24
[2025-09-05 13:50:08] Dataset size: 4999 points
[2025-09-05 13:50:08] Initialized 5 centroids using k-means++
[2025-09-05 13:50:08] Starting K-Means iterations...
[2025-09-05 13:50:08] Iteration 0: 4999 points changed clusters (100.00%)
[2025-09-05 13:50:08] Iteration 1: 795 points changed clusters (15.90%)
[2025-09-05 13:50:08] Iteration 2: 303 points changed clusters (6.06%)
[2025-09-05 13:50:08] Iteration 3: 281 points changed clusters (5.62%)
[2025-09-05 13:50:08] Iteration 4: 304 points changed clusters (6.08%)
[2025-09-05 13:50:08] Iteration 5: 313 points changed clusters (6.26%)
[2025-09-05 13:50:08] Iteration 6: 285 points changed clusters (5.70%)
[2025-09-05 13:50:08] Iteration 7: 250 points changed clusters (5.00%)
[2025-09-05 13:50:08] Iteration 8: 237 points changed clusters (4.74%)
[2025-09-05 13:50:08] Iteration 9: 162 points changed clusters (3.24%)
[2025-09-05 13:50:08] Iteration 10: 131 points changed clusters (2.62%)
[2025-09-05 13:50:08] Iteration 11: 80 points changed clusters (1.60%)
[2025-09-05 13:50:08] Iteration 12: 42 points changed clusters (0.84%)
[2025-09-05 13:50:08] Iteration 13: 14 points changed clusters (0.28%)
[2025-09-05 13:50:08] Iteration 14: 9 points changed clusters (0.18%)
[2025-09-05 13:50:08] Iteration 15: 11 points changed clusters (0.22%)
[2025-09-05 13:50:08] Iteration 16: 9 points changed clusters (0.18%)
[2025-09-05 13:50:08] Iteration 17: 4 points changed clusters (0.08%)
[2025-09-05 13:50:08] K-Means converged after 17 iterations
[2025-09-05 13:50:08] Clustering took: 0.198578641 seconds
[2025-09-05 13:50:08] Saving clustering labels...
[2025-09-05 13:50:08] Exporting cluster metadata to /home/flaskposto/Documents/Projects/CLUE/CLUE-Core/Demo/Demo_Run_1/KMeans_1/metadata.csv
[2025-09-05 13:50:08] Number of dimensions: 24
[2025-09-05 13:50:08] Number of dimensions: 24
[2025-09-05 13:50:08] Number of dimensions: 24
[2025-09-05 13:50:08] Number of dimensions: 24
[2025-09-05 13:50:08] Number of dimensions: 24
[2025-09-05 13:50:08] DEBUG: Starting exportClusterMetadata
[2025-09-05 13:50:08] DEBUG: Total points: 4999
[2025-09-05 13:50:08] DEBUG: minPts value: 500
[2025-09-05 13:50:08] DEBUG: Total clusters found: 5
[2025-09-05 13:50:08] DEBUG: Cluster 0 has 990 points
[2025-09-05 13:50:08] DEBUG: Cluster 1 has 998 points
[2025-09-05 13:50:08] DEBUG: Cluster 2 has 1047 points
[2025-09-05 13:50:08] DEBUG: Cluster 3 has 999 points
[2025-09-05 13:50:08] DEBUG: Cluster 4 has 965 points
[2025-09-05 13:50:08] Filtering input data for round: DBSCAN_1...
[2025-09-05 13:50:08] filter called
[2025-09-05 13:50:08] No features file provided, accepting all features...
[2025-09-05 13:50:08] filterSelection called
[2025-09-05 13:50:08] runRound called
[2025-09-05 13:50:08] Running round: DBSCAN_1...
[2025-09-05 13:50:08] Using CLUECLUST jar file: /home/flaskposto/Documents/Projects/CLUE/CLUE-Core/CLUE-CORE/src/external/CLUECLUST.jar
[2025-09-05 13:50:08] Target round directory: /home/flaskposto/Documents/Projects/CLUE/CLUE-Core/Demo/Demo_Run_1/DBSCAN_1/
[2025-09-05 13:50:08] Input File: /home/flaskposto/Documents/Projects/CLUE/CLUE-Core/Demo/Demo_Run_1/DBSCAN_1/input.csv
[2025-09-05 13:50:08] Clusters File: /home/flaskposto/Documents/Projects/CLUE/CLUE-Core/Demo/Demo_Run_1/DBSCAN_1/clusters.csv
[2025-09-05 13:50:08] Metadata File: /home/flaskposto/Documents/Projects/CLUE/CLUE-Core/Demo/Demo_Run_1/DBSCAN_1/metadata.csv
[2025-09-05 13:50:08] Feature Selection File: 
[2025-09-05 13:50:08] Cluster Selection File: /home/flaskposto/Documents/Projects/CLUE/CLUE-Core/Demo/demo_1_selection.csv
[2025-09-05 13:50:08] buildCall called
[2025-09-05 13:50:08] getConfigCallOpts called
[2025-09-05 13:50:08] refreshCallOpts called
[2025-09-05 13:50:09] Reading input dataset in CSV format...
[2025-09-05 13:50:09] Reading data took: 0.082365521 seconds
[2025-09-05 13:50:09] Normalizing Data ...
[2025-09-05 13:50:09] Performing vanilla DBSCAN clustering...
[2025-09-05 13:50:09] Performing Vanilla DBSCAN
[2025-09-05 13:50:09] Clustering took: 0.280277334 seconds
[2025-09-05 13:50:09] Saving clustering labels...
[2025-09-05 13:50:09] Exporting cluster metadata to /home/flaskposto/Documents/Projects/CLUE/CLUE-Core/Demo/Demo_Run_1/DBSCAN_1/metadata.csv
[2025-09-05 13:50:09] Number of dimensions: 24
[2025-09-05 13:50:09] Number of dimensions: 24
[2025-09-05 13:50:09] DEBUG: Starting exportClusterMetadata
[2025-09-05 13:50:09] DEBUG: Total points: 1954
[2025-09-05 13:50:09] DEBUG: minPts value: 20
[2025-09-05 13:50:09] DEBUG: Total clusters found: 2
[2025-09-05 13:50:09] DEBUG: Cluster 1 has 264 points
[2025-09-05 13:50:09] DEBUG: Cluster 2 has 237 points
[2025-09-05 13:50:09] Running Param evaluationssss
[2025-09-05 13:50:09] Preparing shared cluster metrics calculation...
[2025-09-05 13:50:09] Using 18 sample points for metrics calculation
[2025-09-05 13:50:09] Davies-Bouldin calculation completed in 0 ms
[2025-09-05 13:50:09] Silhouette calculation completed in 4 ms for 59 points
[2025-09-05 13:50:09] Calinski-Harabasz calculation completed in 2 ms
[2025-09-05 13:50:09] Dunn Index calculation completed in 0 ms
[2025-09-05 13:50:09] Precomputing all core distances for DBCV...
[2025-09-05 13:50:09] DBCV calculation completed in 30 ms
[2025-09-05 13:50:09] ε=0.0350, minPts=20 → 2 clusters, 1453 noise (74.4%), , DBI=0.9994, Silhouette=0.4118, CH=476.9037, Dunn=0.7472, DBCV=0.1106
[2025-09-05 13:50:09] Davies-Bouldin: Lower is better
[2025-09-05 13:50:09] Silhuette coefficient: Higher is better
[2025-09-05 13:50:09] Calinski-Harabasz: Higher is better
[2025-09-05 13:50:09] Dunn index: Higher is better
[2025-09-05 13:50:09] DBCV: Higher is better
[2025-09-05 13:50:09] 
[2025-09-05 13:50:09] Writing output files to directory: /home/flaskposto/Documents/Projects/CLUE/CLUE-Core/Demo/Demo_Run_1/output

[2025-09-05 13:50:09] Final round name: DBSCAN_1
[2025-09-05 13:50:09] Copying final round clusters file...
[2025-09-05 13:50:09] Copying final round metadata file...
[2025-09-05 13:50:09] generateGraphs called
[2025-09-05 13:50:09] __rawBands called
[2025-09-05 13:50:09] __featureProfiles called
[2025-09-05 13:50:09] filter called
[2025-09-05 13:50:09] No features file provided, accepting all features...
[2025-09-05 13:50:09] __headers called
[2025-09-05 13:50:09] HEADERS DONE
[2025-09-05 13:50:09] Run Complete: The CLUE run has completed successfully.
[2025-09-05 13:50:20] updateBaseDirectory called
[2025-09-05 13:50:20] updateDirectory called
[2025-09-05 13:50:20] updateDirectory called
[2025-09-05 13:50:20] Running CLUE: Starting the CLUE run...
[2025-09-05 13:50:20] run called
[2025-09-05 13:50:20] Building base features file...
[2025-09-05 13:50:20] extractFromDataFrame called
[2025-09-05 13:50:22] __headers called
[2025-09-05 13:50:22] HEADERS DONE IN EXTRACTFROMDATAFRAME
[2025-09-05 13:50:22] Base features extracted, writing to file...
[2025-09-05 13:50:22] baseFeatures file written to /home/flaskposto/Documents/Projects/CLUE/CLUE-Core/Demo/Demo_Run_1/baseFeatures.csv
[2025-09-05 13:50:22] Filtering input data for round: KMeans_1...
[2025-09-05 13:50:22] filter called
[2025-09-05 13:50:22] No features file provided, accepting all features...
[2025-09-05 13:50:22] runRound called
[2025-09-05 13:50:22] Running round: KMeans_1...
[2025-09-05 13:50:22] Using CLUECLUST jar file: /home/flaskposto/Documents/Projects/CLUE/CLUE-Core/CLUE-CORE/src/external/CLUECLUST.jar
[2025-09-05 13:50:22] Target round directory: /home/flaskposto/Documents/Projects/CLUE/CLUE-Core/Demo/Demo_Run_1/KMeans_1/
[2025-09-05 13:50:22] Input File: /home/flaskposto/Documents/Projects/CLUE/CLUE-Core/Demo/Demo_Run_1/KMeans_1/input.csv
[2025-09-05 13:50:22] Clusters File: /home/flaskposto/Documents/Projects/CLUE/CLUE-Core/Demo/Demo_Run_1/KMeans_1/clusters.csv
[2025-09-05 13:50:22] Metadata File: /home/flaskposto/Documents/Projects/CLUE/CLUE-Core/Demo/Demo_Run_1/KMeans_1/metadata.csv
[2025-09-05 13:50:22] Feature Selection File: 
[2025-09-05 13:50:22] Cluster Selection File: 
[2025-09-05 13:50:22] buildCall called
[2025-09-05 13:50:22] getConfigCallOpts called
[2025-09-05 13:50:22] refreshCallOpts called
[2025-09-05 13:50:23] Reading input dataset in CSV format...
[2025-09-05 13:50:23] Reading data took: 0.170433065 seconds
[2025-09-05 13:50:23] Performing K-Means clustering with k=5, maxIterations=100
[2025-09-05 13:50:23] Dataset dimensions: 24
[2025-09-05 13:50:23] Dataset size: 4999 points
[2025-09-05 13:50:23] Initialized 5 centroids using k-means++
[2025-09-05 13:50:23] Starting K-Means iterations...
[2025-09-05 13:50:23] Iteration 0: 4999 points changed clusters (100.00%)
[2025-09-05 13:50:23] Iteration 1: 1358 points changed clusters (27.17%)
[2025-09-05 13:50:23] Iteration 2: 545 points changed clusters (10.90%)
[2025-09-05 13:50:23] Iteration 3: 277 points changed clusters (5.54%)
[2025-09-05 13:50:23] Iteration 4: 166 points changed clusters (3.32%)
[2025-09-05 13:50:23] Iteration 5: 101 points changed clusters (2.02%)
[2025-09-05 13:50:23] Iteration 6: 68 points changed clusters (1.36%)
[2025-09-05 13:50:23] Iteration 7: 45 points changed clusters (0.90%)
[2025-09-05 13:50:23] Iteration 8: 29 points changed clusters (0.58%)
[2025-09-05 13:50:23] Iteration 9: 31 points changed clusters (0.62%)
[2025-09-05 13:50:23] Iteration 10: 30 points changed clusters (0.60%)
[2025-09-05 13:50:23] Iteration 11: 30 points changed clusters (0.60%)
[2025-09-05 13:50:23] Iteration 12: 33 points changed clusters (0.66%)
[2025-09-05 13:50:23] Iteration 13: 26 points changed clusters (0.52%)
[2025-09-05 13:50:23] Iteration 14: 21 points changed clusters (0.42%)
[2025-09-05 13:50:23] Iteration 15: 24 points changed clusters (0.48%)
[2025-09-05 13:50:23] Iteration 16: 26 points changed clusters (0.52%)
[2025-09-05 13:50:23] Iteration 17: 32 points changed clusters (0.64%)
[2025-09-05 13:50:23] Iteration 18: 48 points changed clusters (0.96%)
[2025-09-05 13:50:23] Iteration 19: 45 points changed clusters (0.90%)
[2025-09-05 13:50:23] Iteration 20: 61 points changed clusters (1.22%)
[2025-09-05 13:50:23] Iteration 21: 72 points changed clusters (1.44%)
[2025-09-05 13:50:23] Iteration 22: 81 points changed clusters (1.62%)
[2025-09-05 13:50:23] Iteration 23: 103 points changed clusters (2.06%)
[2025-09-05 13:50:23] Iteration 24: 103 points changed clusters (2.06%)
[2025-09-05 13:50:23] Iteration 25: 120 points changed clusters (2.40%)
[2025-09-05 13:50:23] Iteration 26: 131 points changed clusters (2.62%)
[2025-09-05 13:50:23] Iteration 27: 160 points changed clusters (3.20%)
[2025-09-05 13:50:23] Iteration 28: 137 points changed clusters (2.74%)
[2025-09-05 13:50:23] Iteration 29: 130 points changed clusters (2.60%)
[2025-09-05 13:50:23] Iteration 30: 100 points changed clusters (2.00%)
[2025-09-05 13:50:23] Iteration 31: 88 points changed clusters (1.76%)
[2025-09-05 13:50:23] Iteration 32: 77 points changed clusters (1.54%)
[2025-09-05 13:50:23] Iteration 33: 61 points changed clusters (1.22%)
[2025-09-05 13:50:23] Iteration 34: 37 points changed clusters (0.74%)
[2025-09-05 13:50:23] Iteration 35: 31 points changed clusters (0.62%)
[2025-09-05 13:50:23] Iteration 36: 24 points changed clusters (0.48%)
[2025-09-05 13:50:23] Iteration 37: 21 points changed clusters (0.42%)
[2025-09-05 13:50:23] Iteration 38: 13 points changed clusters (0.26%)
[2025-09-05 13:50:23] Iteration 39: 10 points changed clusters (0.20%)
[2025-09-05 13:50:23] Iteration 40: 9 points changed clusters (0.18%)
[2025-09-05 13:50:23] Iteration 41: 8 points changed clusters (0.16%)
[2025-09-05 13:50:23] Iteration 42: 6 points changed clusters (0.12%)
[2025-09-05 13:50:23] Iteration 43: 4 points changed clusters (0.08%)
[2025-09-05 13:50:23] K-Means converged after 43 iterations
[2025-09-05 13:50:23] Clustering took: 0.265697825 seconds
[2025-09-05 13:50:23] Saving clustering labels...
[2025-09-05 13:50:23] Exporting cluster metadata to /home/flaskposto/Documents/Projects/CLUE/CLUE-Core/Demo/Demo_Run_1/KMeans_1/metadata.csv
[2025-09-05 13:50:23] Number of dimensions: 24
[2025-09-05 13:50:23] Number of dimensions: 24
[2025-09-05 13:50:23] Number of dimensions: 24
[2025-09-05 13:50:23] Number of dimensions: 24
[2025-09-05 13:50:23] Number of dimensions: 24
[2025-09-05 13:50:23] DEBUG: Starting exportClusterMetadata
[2025-09-05 13:50:23] DEBUG: Total points: 4999
[2025-09-05 13:50:23] DEBUG: minPts value: 500
[2025-09-05 13:50:23] DEBUG: Total clusters found: 5
[2025-09-05 13:50:23] DEBUG: Cluster 0 has 1035 points
[2025-09-05 13:50:23] DEBUG: Cluster 1 has 1018 points
[2025-09-05 13:50:23] DEBUG: Cluster 2 has 979 points
[2025-09-05 13:50:23] DEBUG: Cluster 3 has 986 points
[2025-09-05 13:50:23] DEBUG: Cluster 4 has 981 points
[2025-09-05 13:50:23] Filtering input data for round: DBSCAN_1...
[2025-09-05 13:50:23] filter called
[2025-09-05 13:50:23] No features file provided, accepting all features...
[2025-09-05 13:50:23] filterSelection called
[2025-09-05 13:50:23] runRound called
[2025-09-05 13:50:23] Running round: DBSCAN_1...
[2025-09-05 13:50:23] Using CLUECLUST jar file: /home/flaskposto/Documents/Projects/CLUE/CLUE-Core/CLUE-CORE/src/external/CLUECLUST.jar
[2025-09-05 13:50:23] Target round directory: /home/flaskposto/Documents/Projects/CLUE/CLUE-Core/Demo/Demo_Run_1/DBSCAN_1/
[2025-09-05 13:50:23] Input File: /home/flaskposto/Documents/Projects/CLUE/CLUE-Core/Demo/Demo_Run_1/DBSCAN_1/input.csv
[2025-09-05 13:50:23] Clusters File: /home/flaskposto/Documents/Projects/CLUE/CLUE-Core/Demo/Demo_Run_1/DBSCAN_1/clusters.csv
[2025-09-05 13:50:23] Metadata File: /home/flaskposto/Documents/Projects/CLUE/CLUE-Core/Demo/Demo_Run_1/DBSCAN_1/metadata.csv
[2025-09-05 13:50:23] Feature Selection File: 
[2025-09-05 13:50:23] Cluster Selection File: /home/flaskposto/Documents/Projects/CLUE/CLUE-Core/Demo/demo_1_selection.csv
[2025-09-05 13:50:23] buildCall called
[2025-09-05 13:50:23] getConfigCallOpts called
[2025-09-05 13:50:23] refreshCallOpts called
[2025-09-05 13:50:24] Reading input dataset in CSV format...
[2025-09-05 13:50:24] Reading data took: 0.08366808 seconds
[2025-09-05 13:50:24] Normalizing Data ...
[2025-09-05 13:50:24] Performing vanilla DBSCAN clustering...
[2025-09-05 13:50:24] Performing Vanilla DBSCAN
[2025-09-05 13:50:24] Clustering took: 0.278596359 seconds
[2025-09-05 13:50:24] Saving clustering labels...
[2025-09-05 13:50:24] Exporting cluster metadata to /home/flaskposto/Documents/Projects/CLUE/CLUE-Core/Demo/Demo_Run_1/DBSCAN_1/metadata.csv
[2025-09-05 13:50:24] Number of dimensions: 24
[2025-09-05 13:50:24] DEBUG: Starting exportClusterMetadata
[2025-09-05 13:50:24] DEBUG: Total points: 2015
[2025-09-05 13:50:24] DEBUG: minPts value: 20
[2025-09-05 13:50:24] DEBUG: Total clusters found: 1
[2025-09-05 13:50:24] DEBUG: Cluster 1 has 606 points
[2025-09-05 13:50:24] Running Param evaluationssss
[2025-09-05 13:50:24] Preparing shared cluster metrics calculation...
[2025-09-05 13:50:24] Using 18 sample points for metrics calculation
[2025-09-05 13:50:24] ε=0.0350, minPts=20 → 1 clusters, 1409 noise (69.9%), , DBI=179769313486231570000000000000000000000000000000000000000000000000000000000000000000000000000000000000000000000000000000000000000000000000000000000000000000000000000000000000000000000000000000000000000000000000000000000000000000000000000000000000000000000000000000000000000000000000000000000000000000000000000.0000, Silhouette=-1.0000, CH=0.0000, Dunn=0.0000, DBCV=0.0000
[2025-09-05 13:50:24] Davies-Bouldin: Lower is better
[2025-09-05 13:50:24] Silhuette coefficient: Higher is better
[2025-09-05 13:50:24] Calinski-Harabasz: Higher is better
[2025-09-05 13:50:24] Dunn index: Higher is better
[2025-09-05 13:50:24] DBCV: Higher is better
[2025-09-05 13:50:24] 
[2025-09-05 13:50:24] Writing output files to directory: /home/flaskposto/Documents/Projects/CLUE/CLUE-Core/Demo/Demo_Run_1/output

[2025-09-05 13:50:24] Final round name: DBSCAN_1
[2025-09-05 13:50:24] Copying final round clusters file...
[2025-09-05 13:50:24] Copying final round metadata file...
[2025-09-05 13:50:24] generateGraphs called
[2025-09-05 13:50:24] __rawBands called
[2025-09-05 13:50:24] __featureProfiles called
[2025-09-05 13:50:24] filter called
[2025-09-05 13:50:24] No features file provided, accepting all features...
[2025-09-05 13:50:24] __headers called
[2025-09-05 13:50:24] HEADERS DONE
[2025-09-05 13:50:24] Run Complete: The CLUE run has completed successfully.
[2025-09-05 13:50:29] updateBaseDirectory called
[2025-09-05 13:50:29] updateDirectory called
[2025-09-05 13:50:29] updateDirectory called
[2025-09-05 13:50:29] Running CLUE: Starting the CLUE run...
[2025-09-05 13:50:29] run called
[2025-09-05 13:50:29] Building base features file...
[2025-09-05 13:50:29] extractFromDataFrame called
[2025-09-05 13:50:32] __headers called
[2025-09-05 13:50:32] HEADERS DONE IN EXTRACTFROMDATAFRAME
[2025-09-05 13:50:32] Base features extracted, writing to file...
